Archive member included to satisfy reference by file (symbol)

tensorflow/lite/experimental/micro/tools/make/gen/sparkfun_edge_cortex-m4/lib/libtensorflow-microlite.a(micro_interpreter.o)
                              tensorflow/lite/experimental/micro/tools/make/gen/sparkfun_edge_cortex-m4/obj/tensorflow/lite/experimental/micro/examples/micro_speech/main.o (tflite::MicroInterpreter::MicroInterpreter(tflite::Model const*, tflite::OpResolver const&, tflite::SimpleTensorAllocator*, tflite::ErrorReporter*))
tensorflow/lite/experimental/micro/tools/make/gen/sparkfun_edge_cortex-m4/lib/libtensorflow-microlite.a(simple_tensor_allocator.o)
                              tensorflow/lite/experimental/micro/tools/make/gen/sparkfun_edge_cortex-m4/lib/libtensorflow-microlite.a(micro_interpreter.o) (tflite::SimpleTensorAllocator::AllocateTensor(tflite::Tensor const&, int, int, flatbuffers::Vector<flatbuffers::Offset<tflite::Buffer> > const*, tflite::ErrorReporter*, TfLiteTensor*))
tensorflow/lite/experimental/micro/tools/make/gen/sparkfun_edge_cortex-m4/lib/libtensorflow-microlite.a(micro_error_reporter.o)
                              tensorflow/lite/experimental/micro/tools/make/gen/sparkfun_edge_cortex-m4/obj/tensorflow/lite/experimental/micro/examples/micro_speech/main.o (vtable for tflite::MicroErrorReporter)
tensorflow/lite/experimental/micro/tools/make/gen/sparkfun_edge_cortex-m4/lib/libtensorflow-microlite.a(all_ops_resolver.o)
                              tensorflow/lite/experimental/micro/tools/make/gen/sparkfun_edge_cortex-m4/obj/tensorflow/lite/experimental/micro/examples/micro_speech/main.o (tflite::ops::micro::AllOpsResolver::AllOpsResolver())
tensorflow/lite/experimental/micro/tools/make/gen/sparkfun_edge_cortex-m4/lib/libtensorflow-microlite.a(pooling.o)
                              tensorflow/lite/experimental/micro/tools/make/gen/sparkfun_edge_cortex-m4/lib/libtensorflow-microlite.a(all_ops_resolver.o) (tflite::ops::micro::Register_AVERAGE_POOL_2D())
tensorflow/lite/experimental/micro/tools/make/gen/sparkfun_edge_cortex-m4/lib/libtensorflow-microlite.a(softmax.o)
                              tensorflow/lite/experimental/micro/tools/make/gen/sparkfun_edge_cortex-m4/lib/libtensorflow-microlite.a(all_ops_resolver.o) (tflite::ops::micro::Register_SOFTMAX())
tensorflow/lite/experimental/micro/tools/make/gen/sparkfun_edge_cortex-m4/lib/libtensorflow-microlite.a(conv.o)
                              tensorflow/lite/experimental/micro/tools/make/gen/sparkfun_edge_cortex-m4/lib/libtensorflow-microlite.a(all_ops_resolver.o) (tflite::ops::micro::Register_CONV_2D())
tensorflow/lite/experimental/micro/tools/make/gen/sparkfun_edge_cortex-m4/lib/libtensorflow-microlite.a(depthwise_conv.o)
                              tensorflow/lite/experimental/micro/tools/make/gen/sparkfun_edge_cortex-m4/lib/libtensorflow-microlite.a(all_ops_resolver.o) (tflite::ops::micro::Register_DEPTHWISE_CONV_2D())
tensorflow/lite/experimental/micro/tools/make/gen/sparkfun_edge_cortex-m4/lib/libtensorflow-microlite.a(c_api_internal.o)
                              tensorflow/lite/experimental/micro/tools/make/gen/sparkfun_edge_cortex-m4/lib/libtensorflow-microlite.a(pooling.o) (TfLiteTypeGetName)
tensorflow/lite/experimental/micro/tools/make/gen/sparkfun_edge_cortex-m4/lib/libtensorflow-microlite.a(error_reporter.o)
                              tensorflow/lite/experimental/micro/tools/make/gen/sparkfun_edge_cortex-m4/obj/tensorflow/lite/experimental/micro/examples/micro_speech/main.o (tflite::ErrorReporter::Report(char const*, ...))
tensorflow/lite/experimental/micro/tools/make/gen/sparkfun_edge_cortex-m4/lib/libtensorflow-microlite.a(flatbuffer_conversions.o)
                              tensorflow/lite/experimental/micro/tools/make/gen/sparkfun_edge_cortex-m4/lib/libtensorflow-microlite.a(simple_tensor_allocator.o) (tflite::ConvertTensorType(tflite::TensorType, TfLiteType*, tflite::ErrorReporter*))
tensorflow/lite/experimental/micro/tools/make/gen/sparkfun_edge_cortex-m4/lib/libtensorflow-microlite.a(op_resolver.o)
                              tensorflow/lite/experimental/micro/tools/make/gen/sparkfun_edge_cortex-m4/lib/libtensorflow-microlite.a(micro_interpreter.o) (tflite::GetRegistrationFromOpCode(tflite::OperatorCode const*, tflite::OpResolver const&, tflite::ErrorReporter*, _TfLiteRegistration const**))
tensorflow/lite/experimental/micro/tools/make/gen/sparkfun_edge_cortex-m4/lib/libtensorflow-microlite.a(kernel_util.o)
                              tensorflow/lite/experimental/micro/tools/make/gen/sparkfun_edge_cortex-m4/lib/libtensorflow-microlite.a(conv.o) (tflite::GetQuantizedConvolutionMultipler(TfLiteContext*, TfLiteTensor const*, TfLiteTensor const*, TfLiteTensor const*, TfLiteTensor*, double*))
tensorflow/lite/experimental/micro/tools/make/gen/sparkfun_edge_cortex-m4/lib/libtensorflow-microlite.a(quantization_util.o)
[...]
Memory Configuration

Name             Origin             Length             Attributes
FLASH            0x000000000000c000 0x00000000000f0000 xr
SRAM             0x0000000010000000 0x0000000000060000 xrw
*default*        0x0000000000000000 0xffffffffffffffff

Linker script and memory map

LOAD tensorflow/lite/experimental/micro/tools/make/gen/sparkfun_edge_cortex-m4/obj/tensorflow/lite/experimental/micro/examples/micro_speech/main.o
LOAD tensorflow/lite/experimental/micro/tools/make/gen/sparkfun_edge_cortex-m4/obj/tensorflow/lite/experimental/micro/examples/micro_speech/sparkfun_edge/audio_provider.o
LOAD tensorflow/lite/experimental/micro/tools/make/gen/sparkfun_edge_cortex-m4/obj/tensorflow/lite/experimental/micro/examples/micro_speech/feature_provider.o
LOAD tensorflow/lite/experimental/micro/tools/make/gen/sparkfun_edge_cortex-m4/obj/tensorflow/lite/experimental/micro/examples/micro_speech/micro_features/no_micro_features_data.o
LOAD tensorflow/lite/experimental/micro/tools/make/gen/sparkfun_edge_cortex-m4/obj/tensorflow/lite/experimental/micro/examples/micro_speech/micro_features/yes_micro_features_data.o
LOAD tensorflow/lite/experimental/micro/tools/make/gen/sparkfun_edge_cortex-m4/obj/tensorflow/lite/experimental/micro/examples/micro_speech/micro_features/tiny_conv_micro_features_model_data.o
LOAD tensorflow/lite/experimental/micro/tools/make/gen/sparkfun_edge_cortex-m4/obj/tensorflow/lite/experimental/micro/examples/micro_speech/recognize_commands.o
LOAD tensorflow/lite/experimental/micro/tools/make/gen/sparkfun_edge_cortex-m4/obj/tensorflow/lite/experimental/micro/examples/micro_speech/sparkfun_edge/command_responder.o
LOAD tensorflow/lite/experimental/micro/tools/make/gen/sparkfun_edge_cortex-m4/obj/tensorflow/lite/experimental/micro/examples/micro_speech/micro_features/micro_features_generator.o
LOAD tensorflow/lite/experimental/micro/tools/make/gen/sparkfun_edge_cortex-m4/obj/tensorflow/lite/experimental/micro/examples/micro_speech/micro_features/micro_model_settings.o
LOAD tensorflow/lite/experimental/micro/tools/make/gen/sparkfun_edge_cortex-m4/obj/tensorflow/lite/experimental/micro/examples/micro_speech/micro_features/fft.o
LOAD tensorflow/lite/experimental/micro/tools/make/gen/sparkfun_edge_cortex-m4/obj/tensorflow/lite/experimental/micro/examples/micro_speech/micro_features/fft_util.o
LOAD tensorflow/lite/experimental/micro/tools/make/gen/sparkfun_edge_cortex-m4/obj/tensorflow/lite/experimental/micro/examples/micro_speech/micro_features/filterbank.o
LOAD tensorflow/lite/experimental/micro/tools/make/gen/sparkfun_edge_cortex-m4/obj/tensorflow/lite/experimental/micro/examples/micro_speech/micro_features/filterbank_util.o
LOAD tensorflow/lite/experimental/micro/tools/make/gen/sparkfun_edge_cortex-m4/obj/tensorflow/lite/experimental/micro/examples/micro_speech/micro_features/frontend.o
LOAD tensorflow/lite/experimental/micro/tools/make/gen/sparkfun_edge_cortex-m4/obj/tensorflow/lite/experimental/micro/examples/micro_speech/micro_features/frontend_util.o
LOAD tensorflow/lite/experimental/micro/tools/make/gen/sparkfun_edge_cortex-m4/obj/tensorflow/lite/experimental/micro/examples/micro_speech/micro_features/log_lut.o
LOAD tensorflow/lite/experimental/micro/tools/make/gen/sparkfun_edge_cortex-m4/obj/tensorflow/lite/experimental/micro/examples/micro_speech/micro_features/log_scale.o
LOAD tensorflow/lite/experimental/micro/tools/make/gen/sparkfun_edge_cortex-m4/obj/tensorflow/lite/experimental/micro/examples/micro_speech/micro_features/log_scale_util.o
LOAD tensorflow/lite/experimental/micro/tools/make/gen/sparkfun_edge_cortex-m4/obj/tensorflow/lite/experimental/micro/examples/micro_speech/micro_features/noise_reduction.o
LOAD tensorflow/lite/experimental/micro/tools/make/gen/sparkfun_edge_cortex-m4/obj/tensorflow/lite/experimental/micro/examples/micro_speech/micro_features/noise_reduction_util.o
LOAD tensorflow/lite/experimental/micro/tools/make/gen/sparkfun_edge_cortex-m4/obj/tensorflow/lite/experimental/micro/examples/micro_speech/micro_features/pcan_gain_control.o
LOAD tensorflow/lite/experimental/micro/tools/make/gen/sparkfun_edge_cortex-m4/obj/tensorflow/lite/experimental/micro/examples/micro_speech/micro_features/pcan_gain_control_util.o
LOAD tensorflow/lite/experimental/micro/tools/make/gen/sparkfun_edge_cortex-m4/obj/tensorflow/lite/experimental/micro/examples/micro_speech/micro_features/window.o
LOAD tensorflow/lite/experimental/micro/tools/make/gen/sparkfun_edge_cortex-m4/obj/tensorflow/lite/experimental/micro/examples/micro_speech/micro_features/window_util.o
LOAD tensorflow/lite/experimental/micro/tools/make/gen/sparkfun_edge_cortex-m4/obj/tensorflow/lite/experimental/micro/tools/make/downloads/kissfft/kiss_fft.o
LOAD tensorflow/lite/experimental/micro/tools/make/gen/sparkfun_edge_cortex-m4/obj/tensorflow/lite/experimental/micro/tools/make/downloads/kissfft/tools/kiss_fftr.o
LOAD tensorflow/lite/experimental/micro/tools/make/gen/sparkfun_edge_cortex-m4/lib/libtensorflow-microlite.a
START GROUP
LOAD /Users/heeyeolkang/Documents/workspace/tensorflow/tensorflow/lite/experimental/micro/tools/make/downloads/gcc_embedded/bin/../lib/gcc/arm-none-eabi/7.3.1/../../../../arm-none-eabi/lib/thumb/v7e-m/fpv4-sp/hard/libm.a
LOAD /Users/heeyeolkang/Documents/workspace/tensorflow/tensorflow/lite/experimental/micro/tools/make/downloads/gcc_embedded/bin/../lib/gcc/arm-none-eabi/7.3.1/../../../../arm-none-eabi/lib/thumb/v7e-m/fpv4-sp/hard/libc_nano.a
LOAD /Users/heeyeolkang/Documents/workspace/tensorflow/tensorflow/lite/experimental/micro/tools/make/downloads/gcc_embedded/bin/../lib/gcc/arm-none-eabi/7.3.1/thumb/v7e-m/fpv4-sp/hard/libgcc.a
END GROUP
LOAD /Users/heeyeolkang/Documents/workspace/tensorflow/tensorflow/lite/experimental/micro/tools/make/downloads/gcc_embedded/bin/../lib/gcc/arm-none-eabi/7.3.1/../../../../arm-none-eabi/lib/thumb/v7e-m/fpv4-sp/hard/libstdc++_nano.a
LOAD /Users/heeyeolkang/Documents/workspace/tensorflow/tensorflow/lite/experimental/micro/tools/make/downloads/gcc_embedded/bin/../lib/gcc/arm-none-eabi/7.3.1/../../../../arm-none-eabi/lib/thumb/v7e-m/fpv4-sp/hard/libc_nano.a
LOAD /Users/heeyeolkang/Documents/workspace/tensorflow/tensorflow/lite/experimental/micro/tools/make/downloads/gcc_embedded/bin/../lib/gcc/arm-none-eabi/7.3.1/../../../../arm-none-eabi/lib/thumb/v7e-m/fpv4-sp/hard/libnosys.a
LOAD /Users/heeyeolkang/Documents/workspace/tensorflow/tensorflow/lite/experimental/micro/tools/make/downloads/gcc_embedded/bin/../lib/gcc/arm-none-eabi/7.3.1/../../../../arm-none-eabi/lib/thumb/v7e-m/fpv4-sp/hard/libm.a

.text           0x000000000000c000    0x1816c
                0x000000000000c000                . = ALIGN (0x4)
 *(.isr_vector)
 .isr_vector    0x000000000000c000       0xc0 tensorflow/lite/experimental/micro/tools/make/gen/sparkfun_edge_cortex-m4/lib/libtensorflow-microlite.a(startup_gcc.o)
                0x000000000000c000                g_am_pfnVectors
 *(.patch)
 .patch         0x000000000000c0c0       0x40 tensorflow/lite/experimental/micro/tools/make/gen/sparkfun_edge_cortex-m4/lib/libtensorflow-microlite.a(startup_gcc.o)
                0x000000000000c0c0                __Patchable
 *(.text)
 .text          0x000000000000c100       0x14 /Users/heeyeolkang/Documents/workspace/tensorflow/tensorflow/lite/experimental/micro/tools/make/downloads/gcc_embedded/bin/../lib/gcc/arm-none-eabi/7.3.1/../../../../arm-none-eabi/lib/thumb/v7e-m/fpv4-sp/hard/libc_nano.a(lib_a-strcmp.o)
                0x000000000000c100                strcmp
 .text          0x000000000000c114      0x378 /Users/heeyeolkang/Documents/workspace/tensorflow/tensorflow/lite/experimental/micro/tools/make/downloads/gcc_embedded/bin/../lib/gcc/arm-none-eabi/7.3.1/thumb/v7e-m/fpv4-sp/hard/libgcc.a(_arm_addsubdf3.o)
                0x000000000000c114                __aeabi_drsub
                0x000000000000c11c                __subdf3
                0x000000000000c11c                __aeabi_dsub
                0x000000000000c120                __aeabi_dadd
                0x000000000000c120                __adddf3
                0x000000000000c398                __aeabi_ui2d
                0x000000000000c398                __floatunsidf
                0x000000000000c3b8                __floatsidf
                0x000000000000c3b8                __aeabi_i2d
                0x000000000000c3dc                __extendsfdf2
                0x000000000000c3dc                __aeabi_f2d
                0x000000000000c420                __aeabi_ul2d
                0x000000000000c420                __floatundidf
                0x000000000000c430                __aeabi_l2d
                0x000000000000c430                __floatdidf
 .text          0x000000000000c48c      0x424 /Users/heeyeolkang/Documents/workspace/tensorflow/tensorflow/lite/experimental/micro/tools/make/downloads/gcc_embedded/bin/../lib/gcc/arm-none-eabi/7.3.1/thumb/v7e-m/fpv4-sp/hard/libgcc.a(_arm_muldivdf3.o)
                0x000000000000c48c                __aeabi_dmul
                0x000000000000c48c                __muldf3
                0x000000000000c6e0                __aeabi_ddiv
                0x000000000000c6e0                __divdf3
 .text          0x000000000000c8b0      0x110 /Users/heeyeolkang/Documents/workspace/tensorflow/tensorflow/lite/experimental/micro/tools/make/downloads/gcc_embedded/bin/../lib/gcc/arm-none-eabi/7.3.1/thumb/v7e-m/fpv4-sp/hard/libgcc.a(_arm_cmpdf2.o)
                0x000000000000c8b0                __gedf2
                0x000000000000c8b0                __gtdf2
                0x000000000000c8b8                __ledf2
                0x000000000000c8b8                __ltdf2
                0x000000000000c8c0                __cmpdf2
                0x000000000000c8c0                __eqdf2
                0x000000000000c8c0                __nedf2
                0x000000000000c93c                __aeabi_cdrcmple
                0x000000000000c94c                __aeabi_cdcmple
                0x000000000000c94c                __aeabi_cdcmpeq
                0x000000000000c95c                __aeabi_dcmpeq
                0x000000000000c970                __aeabi_dcmplt
                0x000000000000c984                __aeabi_dcmple
                0x000000000000c998                __aeabi_dcmpge
                0x000000000000c9ac                __aeabi_dcmpgt
 .text          0x000000000000c9c0       0x2c /Users/heeyeolkang/Documents/workspace/tensorflow/tensorflow/lite/experimental/micro/tools/make/downloads/gcc_embedded/bin/../lib/gcc/arm-none-eabi/7.3.1/thumb/v7e-m/fpv4-sp/hard/libgcc.a(_arm_unorddf2.o)
                0x000000000000c9c0                __aeabi_dcmpun
                0x000000000000c9c0                __unorddf2
 .text          0x000000000000c9ec       0x50 /Users/heeyeolkang/Documents/workspace/tensorflow/tensorflow/lite/experimental/micro/tools/make/downloads/gcc_embedded/bin/../lib/gcc/arm-none-eabi/7.3.1/thumb/v7e-m/fpv4-sp/hard/libgcc.a(_arm_fixdfsi.o)
                0x000000000000c9ec                __fixdfsi
                0x000000000000c9ec                __aeabi_d2iz
 .text          0x000000000000ca3c       0xa0 /Users/heeyeolkang/Documents/workspace/tensorflow/tensorflow/lite/experimental/micro/tools/make/downloads/gcc_embedded/bin/../lib/gcc/arm-none-eabi/7.3.1/thumb/v7e-m/fpv4-sp/hard/libgcc.a(_arm_truncdfsf2.o)
                0x000000000000ca3c                __aeabi_d2f
                0x000000000000ca3c                __truncdfsf2
 .text          0x000000000000cadc       0xa0 /Users/heeyeolkang/Documents/workspace/tensorflow/tensorflow/lite/experimental/micro/tools/make/downloads/gcc_embedded/bin/../lib/gcc/arm-none-eabi/7.3.1/thumb/v7e-m/fpv4-sp/hard/libgcc.a(_aeabi_ldivmod.o)
                0x000000000000cadc                __aeabi_ldivmod
 .text          0x000000000000cb7c       0x30 /Users/heeyeolkang/Documents/workspace/tensorflow/tensorflow/lite/experimental/micro/tools/make/downloads/gcc_embedded/bin/../lib/gcc/arm-none-eabi/7.3.1/thumb/v7e-m/fpv4-sp/hard/libgcc.a(_fixdfdi.o)
                0x000000000000cb7c                __aeabi_d2lz
                0x000000000000cb7c                __fixdfdi
 .text          0x000000000000cbac       0x44 /Users/heeyeolkang/Documents/workspace/tensorflow/tensorflow/lite/experimental/micro/tools/make/downloads/gcc_embedded/bin/../lib/gcc/arm-none-eabi/7.3.1/thumb/v7e-m/fpv4-sp/hard/libgcc.a(_fixunsdfdi.o)
                0x000000000000cbac                __aeabi_d2ulz
                0x000000000000cbac                __fixunsdfdi
 .text          0x000000000000cbf0      0x2cc /Users/heeyeolkang/Documents/workspace/tensorflow/tensorflow/lite/experimental/micro/tools/make/downloads/gcc_embedded/bin/../lib/gcc/arm-none-eabi/7.3.1/thumb/v7e-m/fpv4-sp/hard/libgcc.a(_udivmoddi4.o)
                0x000000000000cbf0                __udivmoddi4
 .text          0x000000000000cebc        0x4 /Users/heeyeolkang/Documents/workspace/tensorflow/tensorflow/lite/experimental/micro/tools/make/downloads/gcc_embedded/bin/../lib/gcc/arm-none-eabi/7.3.1/thumb/v7e-m/fpv4-sp/hard/libgcc.a(_dvmd_tls.o)
                0x000000000000cebc                __aeabi_ldiv0
                0x000000000000cebc                __aeabi_idiv0
 .text          0x000000000000cec0       0x40 /Users/heeyeolkang/Documents/workspace/tensorflow/tensorflow/lite/experimental/micro/tools/make/downloads/gcc_embedded/bin/../lib/gcc/arm-none-eabi/7.3.1/thumb/v7e-m/fpv4-sp/hard/libgcc.a(_arm_fixunsdfsi.o)
                0x000000000000cec0                __fixunsdfsi
                0x000000000000cec0                __aeabi_d2uiz
 .text          0x000000000000cf00       0x40 tensorflow/lite/experimental/micro/tools/make/downloads/gcc_embedded//lib/gcc/arm-none-eabi/7.3.1/thumb/v7e-m/fpv4-sp/hard/crtbegin.o
 *(.text*)
 .text.startup.main
                0x000000000000cf40      0x174 tensorflow/lite/experimental/micro/tools/make/gen/sparkfun_edge_cortex-m4/obj/tensorflow/lite/experimental/micro/examples/micro_speech/main.o
                0x000000000000cf40                main
 .text.am_adc_isr
                0x000000000000d0b4      0x178 tensorflow/lite/experimental/micro/tools/make/gen/sparkfun_edge_cortex-m4/obj/tensorflow/lite/experimental/micro/examples/micro_speech/sparkfun_edge/audio_provider.o
                0x000000000000d0b4                am_adc_isr
 .text._Z18InitAudioRecordingPN6tflite13ErrorReporterE
                0x000000000000d22c      0x2c4 tensorflow/lite/experimental/micro/tools/make/gen/sparkfun_edge_cortex-m4/obj/tensorflow/lite/experimental/micro/examples/micro_speech/sparkfun_edge/audio_provider.o
                0x000000000000d22c                InitAudioRecording(tflite::ErrorReporter*)
 .text._Z15GetAudioSamplesPN6tflite13ErrorReporterEiiPiPPs
                0x000000000000d4f0       0x9c tensorflow/lite/experimental/micro/tools/make/gen/sparkfun_edge_cortex-m4/obj/tensorflow/lite/experimental/micro/examples/micro_speech/sparkfun_edge/audio_provider.o
                0x000000000000d4f0                GetAudioSamples(tflite::ErrorReporter*, int, int, int*, short**)
 .text._Z20LatestAudioTimestampv
                0x000000000000d58c        0xc tensorflow/lite/experimental/micro/tools/make/gen/sparkfun_edge_cortex-m4/obj/tensorflow/lite/experimental/micro/examples/micro_speech/sparkfun_edge/audio_provider.o
                0x000000000000d58c                LatestAudioTimestamp()
 .text._ZN15FeatureProviderC2EiPh
                0x000000000000d598       0x20 tensorflow/lite/experimental/micro/tools/make/gen/sparkfun_edge_cortex-m4/obj/tensorflow/lite/experimental/micro/examples/micro_speech/feature_provider.o
                0x000000000000d598                FeatureProvider::FeatureProvider(int, unsigned char*)
                0x000000000000d598                FeatureProvider::FeatureProvider(int, unsigned char*)
 .text._ZN15FeatureProviderD2Ev
                0x000000000000d5b8        0x4 tensorflow/lite/experimental/micro/tools/make/gen/sparkfun_edge_cortex-m4/obj/tensorflow/lite/experimental/micro/examples/micro_speech/feature_provider.o
                0x000000000000d5b8                FeatureProvider::~FeatureProvider()
                0x000000000000d5b8                FeatureProvider::~FeatureProvider()
 .text._ZN15FeatureProvider19PopulateFeatureDataEPN6tflite13ErrorReporterEllPi
                0x000000000000d5bc      0x284 tensorflow/lite/experimental/micro/tools/make/gen/sparkfun_edge_cortex-m4/obj/tensorflow/lite/experimental/micro/examples/micro_speech/feature_provider.o
                0x000000000000d5bc                FeatureProvider::PopulateFeatureData(tflite::ErrorReporter*, long, long, int*)
 .text._ZN17RecognizeCommandsC2EPN6tflite13ErrorReporterElhll
                0x000000000000d840       0x4c tensorflow/lite/experimental/micro/tools/make/gen/sparkfun_edge_cortex-m4/obj/tensorflow/lite/experimental/micro/examples/micro_speech/recognize_commands.o
                0x000000000000d840                RecognizeCommands::RecognizeCommands(tflite::ErrorReporter*, long, unsigned char, long, long)
                0x000000000000d840                RecognizeCommands::RecognizeCommands(tflite::ErrorReporter*, long, unsigned char, long, long)
 .text._ZN17RecognizeCommands20ProcessLatestResultsEPK12TfLiteTensorlPPKcPhPb
                0x000000000000d88c      0x308 tensorflow/lite/experimental/micro/tools/make/gen/sparkfun_edge_cortex-m4/obj/tensorflow/lite/experimental/micro/examples/micro_speech/recognize_commands.o
                0x000000000000d88c                RecognizeCommands::ProcessLatestResults(TfLiteTensor const*, long, char const**, unsigned char*, bool*)
 .text._Z16RespondToCommandPN6tflite13ErrorReporterElPKchb
                0x000000000000db94       0xd4 tensorflow/lite/experimental/micro/tools/make/gen/sparkfun_edge_cortex-m4/obj/tensorflow/lite/experimental/micro/examples/micro_speech/sparkfun_edge/command_responder.o
                0x000000000000db94                RespondToCommand(tflite::ErrorReporter*, long, char const*, unsigned char, bool)
 .text._Z23InitializeMicroFeaturesPN6tflite13ErrorReporterE
                0x000000000000dc68       0x90 tensorflow/lite/experimental/micro/tools/make/gen/sparkfun_edge_cortex-m4/obj/tensorflow/lite/experimental/micro/examples/micro_speech/micro_features/micro_features_generator.o
                0x000000000000dc68                InitializeMicroFeatures(tflite::ErrorReporter*)
 .text._Z21GenerateMicroFeaturesPN6tflite13ErrorReporterEPKsiiPhPj
                0x000000000000dcf8       0x70 tensorflow/lite/experimental/micro/tools/make/gen/sparkfun_edge_cortex-m4/obj/tensorflow/lite/experimental/micro/examples/micro_speech/micro_features/micro_features_generator.o
                0x000000000000dcf8                GenerateMicroFeatures(tflite::ErrorReporter*, short const*, int, int, unsigned char*, unsigned int*)
 .text._Z10FftComputeP8FftStatePKsi
                0x000000000000dd68       0xc8 tensorflow/lite/experimental/micro/tools/make/gen/sparkfun_edge_cortex-m4/obj/tensorflow/lite/experimental/micro/examples/micro_speech/micro_features/fft.o
                0x000000000000dd68                FftCompute(FftState*, short const*, int)
 .text._Z7FftInitP8FftState
                0x000000000000de30        0x4 tensorflow/lite/experimental/micro/tools/make/gen/sparkfun_edge_cortex-m4/obj/tensorflow/lite/experimental/micro/examples/micro_speech/micro_features/fft.o
                0x000000000000de30                FftInit(FftState*)
 .text._Z8FftResetP8FftState
                0x000000000000de34       0x28 tensorflow/lite/experimental/micro/tools/make/gen/sparkfun_edge_cortex-m4/obj/tensorflow/lite/experimental/micro/examples/micro_speech/micro_features/fft.o
                0x000000000000de34                FftReset(FftState*)
 .text._Z16FftPopulateStatePN6tflite13ErrorReporterEP8FftStatej
                0x000000000000de5c       0xf8 tensorflow/lite/experimental/micro/tools/make/gen/sparkfun_edge_cortex-m4/obj/tensorflow/lite/experimental/micro/examples/micro_speech/micro_features/fft_util.o
                0x000000000000de5c                FftPopulateState(tflite::ErrorReporter*, FftState*, unsigned int)
 .text._Z35FilterbankConvertFftComplexToEnergyP15FilterbankStateP15complex_int16_tPl
                0x000000000000df54       0x34 tensorflow/lite/experimental/micro/tools/make/gen/sparkfun_edge_cortex-m4/obj/tensorflow/lite/experimental/micro/examples/micro_speech/micro_features/filterbank.o
                0x000000000000df54                FilterbankConvertFftComplexToEnergy(FilterbankState*, complex_int16_t*, long*)
 .text._Z28FilterbankAccumulateChannelsP15FilterbankStatePKl
                0x000000000000df88       0xb4 tensorflow/lite/experimental/micro/tools/make/gen/sparkfun_edge_cortex-m4/obj/tensorflow/lite/experimental/micro/examples/micro_speech/micro_features/filterbank.o
                0x000000000000df88                FilterbankAccumulateChannels(FilterbankState*, long const*)
 .text._Z14FilterbankSqrtP15FilterbankStatei
                0x000000000000e03c      0x278 tensorflow/lite/experimental/micro/tools/make/gen/sparkfun_edge_cortex-m4/obj/tensorflow/lite/experimental/micro/examples/micro_speech/micro_features/filterbank.o
                0x000000000000e03c                FilterbankSqrt(FilterbankState*, int)
 .text._Z15FilterbankResetP15FilterbankState
                0x000000000000e2b4       0x14 tensorflow/lite/experimental/micro/tools/make/gen/sparkfun_edge_cortex-m4/obj/tensorflow/lite/experimental/micro/examples/micro_speech/micro_features/filterbank.o
                0x000000000000e2b4                FilterbankReset(FilterbankState*)
 .text._Z23FilterbankPopulateStatePN6tflite13ErrorReporterEPK16FilterbankConfigP15FilterbankStateii
                0x000000000000e2c8      0x8dc tensorflow/lite/experimental/micro/tools/make/gen/sparkfun_edge_cortex-m4/obj/tensorflow/lite/experimental/micro/examples/micro_speech/micro_features/filterbank_util.o
                0x000000000000e2c8                FilterbankPopulateState(tflite::ErrorReporter*, FilterbankConfig const*, FilterbankState*, int, int)
 .text._Z22FrontendProcessSamplesP13FrontendStatePKsjPj
                0x000000000000eba4       0xbc tensorflow/lite/experimental/micro/tools/make/gen/sparkfun_edge_cortex-m4/obj/tensorflow/lite/experimental/micro/examples/micro_speech/micro_features/frontend.o
                0x000000000000eba4                FrontendProcessSamples(FrontendState*, short const*, unsigned int, unsigned int*)
 .text._Z13FrontendResetP13FrontendState
                0x000000000000ec60       0x28 tensorflow/lite/experimental/micro/tools/make/gen/sparkfun_edge_cortex-m4/obj/tensorflow/lite/experimental/micro/examples/micro_speech/micro_features/frontend.o
                0x000000000000ec60                FrontendReset(FrontendState*)
 .text._Z21FrontendPopulateStatePN6tflite13ErrorReporterEPK14FrontendConfigP13FrontendStatei
                0x000000000000ec88      0x150 tensorflow/lite/experimental/micro/tools/make/gen/sparkfun_edge_cortex-m4/obj/tensorflow/lite/experimental/micro/examples/micro_speech/micro_features/frontend_util.o
                0x000000000000ec88                FrontendPopulateState(tflite::ErrorReporter*, FrontendConfig const*, FrontendState*, int)
 .text._Z13LogScaleApplyP13LogScaleStatePmii
                0x000000000000edd8      0x16c tensorflow/lite/experimental/micro/tools/make/gen/sparkfun_edge_cortex-m4/obj/tensorflow/lite/experimental/micro/examples/micro_speech/micro_features/log_scale.o
                0x000000000000edd8                LogScaleApply(LogScaleState*, unsigned long*, int, int)
 .text._Z21LogScalePopulateStatePN6tflite13ErrorReporterEPK14LogScaleConfigP13LogScaleState
                0x000000000000ef44        0xc tensorflow/lite/experimental/micro/tools/make/gen/sparkfun_edge_cortex-m4/obj/tensorflow/lite/experimental/micro/examples/micro_speech/micro_features/log_scale_util.o
                0x000000000000ef44                LogScalePopulateState(tflite::ErrorReporter*, LogScaleConfig const*, LogScaleState*)
 .text._Z19NoiseReductionApplyP19NoiseReductionStatePm
                0x000000000000ef50       0x88 tensorflow/lite/experimental/micro/tools/make/gen/sparkfun_edge_cortex-m4/obj/tensorflow/lite/experimental/micro/examples/micro_speech/micro_features/noise_reduction.o
                0x000000000000ef50                NoiseReductionApply(NoiseReductionState*, unsigned long*)
 .text._Z19NoiseReductionResetP19NoiseReductionState
                0x000000000000efd8       0x10 tensorflow/lite/experimental/micro/tools/make/gen/sparkfun_edge_cortex-m4/obj/tensorflow/lite/experimental/micro/examples/micro_speech/micro_features/noise_reduction.o
                0x000000000000efd8                NoiseReductionReset(NoiseReductionState*)
 .text._Z27NoiseReductionPopulateStatePN6tflite13ErrorReporterEPK20NoiseReductionConfigP19NoiseReductionStatei
                0x000000000000efe8       0x8c tensorflow/lite/experimental/micro/tools/make/gen/sparkfun_edge_cortex-m4/obj/tensorflow/lite/experimental/micro/examples/micro_speech/micro_features/noise_reduction_util.o
                0x000000000000efe8                NoiseReductionPopulateState(tflite::ErrorReporter*, NoiseReductionConfig const*, NoiseReductionState*, int)
 .text._Z20PcanGainControlApplyP20PcanGainControlStatePm
                0x000000000000f074       0xc4 tensorflow/lite/experimental/micro/tools/make/gen/sparkfun_edge_cortex-m4/obj/tensorflow/lite/experimental/micro/examples/micro_speech/micro_features/pcan_gain_control.o
                0x000000000000f074                PcanGainControlApply(PcanGainControlState*, unsigned long*)
 .text._Z28PcanGainControlPopulateStatePN6tflite13ErrorReporterEPK21PcanGainControlConfigP20PcanGainControlStatePmitl
                0x000000000000f138      0x250 tensorflow/lite/experimental/micro/tools/make/gen/sparkfun_edge_cortex-m4/obj/tensorflow/lite/experimental/micro/examples/micro_speech/micro_features/pcan_gain_control_util.o
                0x000000000000f138                PcanGainControlPopulateState(tflite::ErrorReporter*, PcanGainControlConfig const*, PcanGainControlState*, unsigned long*, int, unsigned short, long)
 .text._Z20WindowProcessSamplesP11WindowStatePKsjPj
                0x000000000000f388       0xb8 tensorflow/lite/experimental/micro/tools/make/gen/sparkfun_edge_cortex-m4/obj/tensorflow/lite/experimental/micro/examples/micro_speech/micro_features/window.o
                0x000000000000f388                WindowProcessSamples(WindowState*, short const*, unsigned int, unsigned int*)
 .text._Z11WindowResetP11WindowState
                0x000000000000f440       0x2c tensorflow/lite/experimental/micro/tools/make/gen/sparkfun_edge_cortex-m4/obj/tensorflow/lite/experimental/micro/examples/micro_speech/micro_features/window.o
                0x000000000000f440                WindowReset(WindowState*)
 *fill*         0x000000000000f46c        0x4 
 .text._Z19WindowPopulateStatePN6tflite13ErrorReporterEPK12WindowConfigP11WindowStatei
                0x000000000000f470      0x12c tensorflow/lite/experimental/micro/tools/make/gen/sparkfun_edge_cortex-m4/obj/tensorflow/lite/experimental/micro/examples/micro_speech/micro_features/window_util.o
                0x000000000000f470                WindowPopulateState(tflite::ErrorReporter*, WindowConfig const*, WindowState*, int)
 .text.kf_work  0x000000000000f59c      0xa84 tensorflow/lite/experimental/micro/tools/make/gen/sparkfun_edge_cortex-m4/obj/tensorflow/lite/experimental/micro/tools/make/downloads/kissfft/kiss_fft.o
 .text.kiss_fft_alloc
                0x0000000000010020      0x5d0 tensorflow/lite/experimental/micro/tools/make/gen/sparkfun_edge_cortex-m4/obj/tensorflow/lite/experimental/micro/tools/make/downloads/kissfft/kiss_fft.o
                0x0000000000010020                kiss_fft_alloc
 .text.kiss_fft
                0x00000000000105f0       0x44 tensorflow/lite/experimental/micro/tools/make/gen/sparkfun_edge_cortex-m4/obj/tensorflow/lite/experimental/micro/tools/make/downloads/kissfft/kiss_fft.o
                0x00000000000105f0                kiss_fft
 *fill*         0x0000000000010634        0x4 
 .text.kiss_fftr_alloc
                0x0000000000010638      0x224 tensorflow/lite/experimental/micro/tools/make/gen/sparkfun_edge_cortex-m4/obj/tensorflow/lite/experimental/micro/tools/make/downloads/kissfft/tools/kiss_fftr.o
                0x0000000000010638                kiss_fftr_alloc
 .text.kiss_fftr
                0x000000000001085c      0x124 tensorflow/lite/experimental/micro/tools/make/gen/sparkfun_edge_cortex-m4/obj/tensorflow/lite/experimental/micro/tools/make/downloads/kissfft/tools/kiss_fftr.o
                0x000000000001085c                kiss_fftr
 .text._ZN6tflite12_GLOBAL__N_118StackDataAllocator8AllocateEj
                0x0000000000010980        0xc tensorflow/lite/experimental/micro/tools/make/gen/sparkfun_edge_cortex-m4/lib/libtensorflow-microlite.a(micro_interpreter.o)
 .text._ZN6tflite12_GLOBAL__N_118StackDataAllocator10DeallocateEPv
                0x000000000001098c        0x4 tensorflow/lite/experimental/micro/tools/make/gen/sparkfun_edge_cortex-m4/lib/libtensorflow-microlite.a(micro_interpreter.o)
 .text._ZN6tflite12_GLOBAL__N_118StackDataAllocatorD0Ev
                0x0000000000010990        0x4 tensorflow/lite/experimental/micro/tools/make/gen/sparkfun_edge_cortex-m4/lib/libtensorflow-microlite.a(micro_interpreter.o)
 .text._ZN6tflite12_GLOBAL__N_113ReportOpErrorEP13TfLiteContextPKcz
                0x0000000000010994       0x24 tensorflow/lite/experimental/micro/tools/make/gen/sparkfun_edge_cortex-m4/lib/libtensorflow-microlite.a(micro_interpreter.o)
 .text._ZN6tflite16MicroInterpreterC2EPKNS_5ModelERKNS_10OpResolverEPNS_21SimpleTensorAllocatorEPNS_13ErrorReporterE
                0x00000000000109b8      0x39c tensorflow/lite/experimental/micro/tools/make/gen/sparkfun_edge_cortex-m4/lib/libtensorflow-microlite.a(micro_interpreter.o)
                0x00000000000109b8                tflite::MicroInterpreter::MicroInterpreter(tflite::Model const*, tflite::OpResolver const&, tflite::SimpleTensorAllocator*, tflite::ErrorReporter*)
                0x00000000000109b8                tflite::MicroInterpreter::MicroInterpreter(tflite::Model const*, tflite::OpResolver const&, tflite::SimpleTensorAllocator*, tflite::ErrorReporter*)
 .text._ZN6tflite16MicroInterpreter6InvokeEv
                0x0000000000010d54      0x398 tensorflow/lite/experimental/micro/tools/make/gen/sparkfun_edge_cortex-m4/lib/libtensorflow-microlite.a(micro_interpreter.o)
                0x0000000000010d54                tflite::MicroInterpreter::Invoke()
 .text._ZN6tflite16MicroInterpreter5inputEi
                0x00000000000110ec       0x4c tensorflow/lite/experimental/micro/tools/make/gen/sparkfun_edge_cortex-m4/lib/libtensorflow-microlite.a(micro_interpreter.o)
                0x00000000000110ec                tflite::MicroInterpreter::input(int)
 .text._ZN6tflite16MicroInterpreter6outputEi
                0x0000000000011138       0x4c tensorflow/lite/experimental/micro/tools/make/gen/sparkfun_edge_cortex-m4/lib/libtensorflow-microlite.a(micro_interpreter.o)
                0x0000000000011138                tflite::MicroInterpreter::output(int)
 .text._ZN6tflite21SimpleTensorAllocator14AllocateTensorERKNS_6TensorEiiPKN11flatbuffers6VectorINS4_6OffsetINS_6BufferEEEEEPNS_13ErrorReporterEP12TfLiteTensor
                0x0000000000011184      0x39c tensorflow/lite/experimental/micro/tools/make/gen/sparkfun_edge_cortex-m4/lib/libtensorflow-microlite.a(simple_tensor_allocator.o)
                0x0000000000011184                tflite::SimpleTensorAllocator::AllocateTensor(tflite::Tensor const&, int, int, flatbuffers::Vector<flatbuffers::Offset<tflite::Buffer> > const*, tflite::ErrorReporter*, TfLiteTensor*)
 .text._ZN6tflite21SimpleTensorAllocator14AllocateMemoryEjj
                0x0000000000011520       0x2c tensorflow/lite/experimental/micro/tools/make/gen/sparkfun_edge_cortex-m4/lib/libtensorflow-microlite.a(simple_tensor_allocator.o)
                0x0000000000011520                tflite::SimpleTensorAllocator::AllocateMemory(unsigned int, unsigned int)
 .text._ZN6tflite18MicroErrorReporterD0Ev
                0x000000000001154c        0x4 tensorflow/lite/experimental/micro/tools/make/gen/sparkfun_edge_cortex-m4/lib/libtensorflow-microlite.a(micro_error_reporter.o)
                0x000000000001154c                tflite::MicroErrorReporter::~MicroErrorReporter()
                0x000000000001154c                tflite::MicroErrorReporter::~MicroErrorReporter()
                0x000000000001154c                tflite::MicroErrorReporter::~MicroErrorReporter()
 .text._ZN6tflite18MicroErrorReporter6ReportEPKcSt9__va_list
                0x0000000000011550       0xd4 tensorflow/lite/experimental/micro/tools/make/gen/sparkfun_edge_cortex-m4/lib/libtensorflow-microlite.a(micro_error_reporter.o)
                0x0000000000011550                tflite::MicroErrorReporter::Report(char const*, std::__va_list)
 .text._ZN6tflite3ops5micro14AllOpsResolverD0Ev
                0x0000000000011624        0x4 tensorflow/lite/experimental/micro/tools/make/gen/sparkfun_edge_cortex-m4/lib/libtensorflow-microlite.a(all_ops_resolver.o)
                0x0000000000011624                tflite::ops::micro::AllOpsResolver::~AllOpsResolver()
                0x0000000000011624                tflite::ops::micro::AllOpsResolver::~AllOpsResolver()
                0x0000000000011624                tflite::ops::micro::AllOpsResolver::~AllOpsResolver()
 .text._ZN6tflite3ops5micro14AllOpsResolverC2Ev
                0x0000000000011628       0x8c tensorflow/lite/experimental/micro/tools/make/gen/sparkfun_edge_cortex-m4/lib/libtensorflow-microlite.a(all_ops_resolver.o)
                0x0000000000011628                tflite::ops::micro::AllOpsResolver::AllOpsResolver()
                0x0000000000011628                tflite::ops::micro::AllOpsResolver::AllOpsResolver()
 .text._ZN6tflite3ops5micro7pooling4InitEP13TfLiteContextPKcj
                0x00000000000116b4        0x4 tensorflow/lite/experimental/micro/tools/make/gen/sparkfun_edge_cortex-m4/lib/libtensorflow-microlite.a(pooling.o)
                0x00000000000116b4                tflite::ops::micro::pooling::Init(TfLiteContext*, char const*, unsigned int)
 .text._ZN6tflite3ops5micro7pooling4FreeEP13TfLiteContextPv
                0x00000000000116b8        0x4 tensorflow/lite/experimental/micro/tools/make/gen/sparkfun_edge_cortex-m4/lib/libtensorflow-microlite.a(pooling.o)
                0x00000000000116b8                tflite::ops::micro::pooling::Free(TfLiteContext*, void*)
 .text._ZN6tflite3ops5micro7pooling7PrepareEP13TfLiteContextP10TfLiteNode
                0x00000000000116bc        0x4 tensorflow/lite/experimental/micro/tools/make/gen/sparkfun_edge_cortex-m4/lib/libtensorflow-microlite.a(pooling.o)
                0x00000000000116bc                tflite::ops::micro::pooling::Prepare(TfLiteContext*, TfLiteNode*)
 .text._Z12InfiniteLoopv
                0x00000000000116c0       0x10 tensorflow/lite/experimental/micro/tools/make/gen/sparkfun_edge_cortex-m4/lib/libtensorflow-microlite.a(pooling.o)
                0x00000000000116c0                InfiniteLoop()
 .text._ZN6tflite3ops5micro7pooling11AverageEvalEP13TfLiteContextP10TfLiteNode
                0x00000000000116d0      0x694 tensorflow/lite/experimental/micro/tools/make/gen/sparkfun_edge_cortex-m4/lib/libtensorflow-microlite.a(pooling.o)
                0x00000000000116d0                tflite::ops::micro::pooling::AverageEval(TfLiteContext*, TfLiteNode*)
 .text._ZN6tflite3ops5micro7pooling7MaxEvalEP13TfLiteContextP10TfLiteNode
                0x0000000000011d64      0x6b0 tensorflow/lite/experimental/micro/tools/make/gen/sparkfun_edge_cortex-m4/lib/libtensorflow-microlite.a(pooling.o)
                0x0000000000011d64                tflite::ops::micro::pooling::MaxEval(TfLiteContext*, TfLiteNode*)
 .text._ZN6tflite3ops5micro24Register_AVERAGE_POOL_2DEv
                0x0000000000012414        0x8 tensorflow/lite/experimental/micro/tools/make/gen/sparkfun_edge_cortex-m4/lib/libtensorflow-microlite.a(pooling.o)
                0x0000000000012414                tflite::ops::micro::Register_AVERAGE_POOL_2D()
 .text._ZN6tflite3ops5micro20Register_MAX_POOL_2DEv
                0x000000000001241c        0x8 tensorflow/lite/experimental/micro/tools/make/gen/sparkfun_edge_cortex-m4/lib/libtensorflow-microlite.a(pooling.o)
                0x000000000001241c                tflite::ops::micro::Register_MAX_POOL_2D()
 .text._ZN6tflite3ops5micro11activations4InitEP13TfLiteContextPKcj
                0x0000000000012424        0x4 tensorflow/lite/experimental/micro/tools/make/gen/sparkfun_edge_cortex-m4/lib/libtensorflow-microlite.a(softmax.o)
                0x0000000000012424                tflite::ops::micro::activations::Init(TfLiteContext*, char const*, unsigned int)
 .text._ZN6tflite3ops5micro11activations4FreeEP13TfLiteContextPv
                0x0000000000012428        0x4 tensorflow/lite/experimental/micro/tools/make/gen/sparkfun_edge_cortex-m4/lib/libtensorflow-microlite.a(softmax.o)
                0x0000000000012428                tflite::ops::micro::activations::Free(TfLiteContext*, void*)
 .text._ZN6tflite3ops5micro11activations14SoftmaxPrepareEP13TfLiteContextP10TfLiteNode
                0x000000000001242c        0x4 tensorflow/lite/experimental/micro/tools/make/gen/sparkfun_edge_cortex-m4/lib/libtensorflow-microlite.a(softmax.o)
                0x000000000001242c                tflite::ops::micro::activations::SoftmaxPrepare(TfLiteContext*, TfLiteNode*)
 .text._ZN6tflite3ops5micro11activations14Softmax4DFloatEPK12TfLiteTensorPS3_P19TfLiteSoftmaxParams
                0x0000000000012430      0x3c4 tensorflow/lite/experimental/micro/tools/make/gen/sparkfun_edge_cortex-m4/lib/libtensorflow-microlite.a(softmax.o)
                0x0000000000012430                tflite::ops::micro::activations::Softmax4DFloat(TfLiteTensor const*, TfLiteTensor*, TfLiteSoftmaxParams*)
 .text._ZN6tflite3ops5micro16Register_SOFTMAXEv
                0x00000000000127f4        0x8 tensorflow/lite/experimental/micro/tools/make/gen/sparkfun_edge_cortex-m4/lib/libtensorflow-microlite.a(softmax.o)
                0x00000000000127f4                tflite::ops::micro::Register_SOFTMAX()
 *fill*         0x00000000000127fc        0x4 
 .text._ZN8gemmlowp32one_over_one_plus_x_for_x_in_0_1IlEENS_10FixedPointIT_Li0EEES3_
                0x0000000000012800      0x3c0 tensorflow/lite/experimental/micro/tools/make/gen/sparkfun_edge_cortex-m4/lib/libtensorflow-microlite.a(softmax.o)
                0x0000000000012800                gemmlowp::FixedPoint<long, 0> gemmlowp::one_over_one_plus_x_for_x_in_0_1<long>(gemmlowp::FixedPoint<long, 0>)
 .text._ZN8gemmlowp55exp_on_interval_between_negative_one_quarter_and_0_exclIlEENS_10FixedPointIT_Li0EEES3_
                0x0000000000012bc0      0x170 tensorflow/lite/experimental/micro/tools/make/gen/sparkfun_edge_cortex-m4/lib/libtensorflow-microlite.a(softmax.o)
                0x0000000000012bc0                gemmlowp::FixedPoint<long, 0> gemmlowp::exp_on_interval_between_negative_one_quarter_and_0_excl<long>(gemmlowp::FixedPoint<long, 0>)
 .text._ZN8gemmlowp22exp_on_negative_valuesIlLi5EEENS_10FixedPointIT_Li0EEENS1_IS2_XT0_EEE
                0x0000000000012d30      0x2b4 tensorflow/lite/experimental/micro/tools/make/gen/sparkfun_edge_cortex-m4/lib/libtensorflow-microlite.a(softmax.o)
                0x0000000000012d30                gemmlowp::FixedPoint<long, 0> gemmlowp::exp_on_negative_values<long, 5>(gemmlowp::FixedPoint<long, 5>)
 .text._ZN6tflite3ops5micro11activations11SoftmaxEvalEP13TfLiteContextP10TfLiteNode
                0x0000000000012fe4      0xeb8 tensorflow/lite/experimental/micro/tools/make/gen/sparkfun_edge_cortex-m4/lib/libtensorflow-microlite.a(softmax.o)
                0x0000000000012fe4                tflite::ops::micro::activations::SoftmaxEval(TfLiteContext*, TfLiteNode*)
 .text._ZN6tflite3ops5micro4conv4InitEP13TfLiteContextPKcj
                0x0000000000013e9c        0x4 tensorflow/lite/experimental/micro/tools/make/gen/sparkfun_edge_cortex-m4/lib/libtensorflow-microlite.a(conv.o)
                0x0000000000013e9c                tflite::ops::micro::conv::Init(TfLiteContext*, char const*, unsigned int)
 .text._ZN6tflite3ops5micro4conv4FreeEP13TfLiteContextPv
                0x0000000000013ea0        0x4 tensorflow/lite/experimental/micro/tools/make/gen/sparkfun_edge_cortex-m4/lib/libtensorflow-microlite.a(conv.o)
                0x0000000000013ea0                tflite::ops::micro::conv::Free(TfLiteContext*, void*)
 .text._ZN6tflite3ops5micro4conv7PrepareEP13TfLiteContextP10TfLiteNode
                0x0000000000013ea4        0x4 tensorflow/lite/experimental/micro/tools/make/gen/sparkfun_edge_cortex-m4/lib/libtensorflow-microlite.a(conv.o)
                0x0000000000013ea4                tflite::ops::micro::conv::Prepare(TfLiteContext*, TfLiteNode*)
 .text._ZN6tflite3ops5micro4conv13EvalQuantizedEP13TfLiteContextP10TfLiteNodeP16TfLiteConvParamsPNS2_6OpDataEPK12TfLiteTensorSD_SD_PSB_SE_SE_
                0x0000000000013ea8      0x520 tensorflow/lite/experimental/micro/tools/make/gen/sparkfun_edge_cortex-m4/lib/libtensorflow-microlite.a(conv.o)
                0x0000000000013ea8                tflite::ops::micro::conv::EvalQuantized(TfLiteContext*, TfLiteNode*, TfLiteConvParams*, tflite::ops::micro::conv::OpData*, TfLiteTensor const*, TfLiteTensor const*, TfLiteTensor const*, TfLiteTensor*, TfLiteTensor*, TfLiteTensor*)
 .text._ZN6tflite3ops5micro4conv9EvalFloatEP13TfLiteContextP10TfLiteNodeP16TfLiteConvParamsPNS2_6OpDataEPK12TfLiteTensorSD_SD_PSB_SE_SE_
                0x00000000000143c8      0x488 tensorflow/lite/experimental/micro/tools/make/gen/sparkfun_edge_cortex-m4/lib/libtensorflow-microlite.a(conv.o)
                0x00000000000143c8                tflite::ops::micro::conv::EvalFloat(TfLiteContext*, TfLiteNode*, TfLiteConvParams*, tflite::ops::micro::conv::OpData*, TfLiteTensor const*, TfLiteTensor const*, TfLiteTensor const*, TfLiteTensor*, TfLiteTensor*, TfLiteTensor*)
 .text._ZN6tflite3ops5micro4conv4EvalEP13TfLiteContextP10TfLiteNode
                0x0000000000014850      0x160 tensorflow/lite/experimental/micro/tools/make/gen/sparkfun_edge_cortex-m4/lib/libtensorflow-microlite.a(conv.o)
                0x0000000000014850                tflite::ops::micro::conv::Eval(TfLiteContext*, TfLiteNode*)
 .text._ZN6tflite3ops5micro16Register_CONV_2DEv
                0x00000000000149b0        0x8 tensorflow/lite/experimental/micro/tools/make/gen/sparkfun_edge_cortex-m4/lib/libtensorflow-microlite.a(conv.o)
                0x00000000000149b0                tflite::ops::micro::Register_CONV_2D()
 .text._ZN6tflite3ops5micro14depthwise_conv4InitEP13TfLiteContextPKcj
                0x00000000000149b8        0x4 tensorflow/lite/experimental/micro/tools/make/gen/sparkfun_edge_cortex-m4/lib/libtensorflow-microlite.a(depthwise_conv.o)
                0x00000000000149b8                tflite::ops::micro::depthwise_conv::Init(TfLiteContext*, char const*, unsigned int)
 .text._ZN6tflite3ops5micro14depthwise_conv4FreeEP13TfLiteContextPv
                0x00000000000149bc        0x4 tensorflow/lite/experimental/micro/tools/make/gen/sparkfun_edge_cortex-m4/lib/libtensorflow-microlite.a(depthwise_conv.o)
                0x00000000000149bc                tflite::ops::micro::depthwise_conv::Free(TfLiteContext*, void*)
 .text._ZN6tflite3ops5micro14depthwise_conv7PrepareEP13TfLiteContextP10TfLiteNode
                0x00000000000149c0        0x4 tensorflow/lite/experimental/micro/tools/make/gen/sparkfun_edge_cortex-m4/lib/libtensorflow-microlite.a(depthwise_conv.o)
                0x00000000000149c0                tflite::ops::micro::depthwise_conv::Prepare(TfLiteContext*, TfLiteNode*)
 .text.unlikely._ZN6tflite12RuntimeShape11ReplaceWithEiPKl.constprop.13
                0x00000000000149c4       0x1c tensorflow/lite/experimental/micro/tools/make/gen/sparkfun_edge_cortex-m4/lib/libtensorflow-microlite.a(depthwise_conv.o)
 .text._ZN6tflite3ops5micro14depthwise_conv4EvalEP13TfLiteContextP10TfLiteNode
                0x00000000000149e0     0x12a4 tensorflow/lite/experimental/micro/tools/make/gen/sparkfun_edge_cortex-m4/lib/libtensorflow-microlite.a(depthwise_conv.o)
                0x00000000000149e0                tflite::ops::micro::depthwise_conv::Eval(TfLiteContext*, TfLiteNode*)
 .text._ZN6tflite3ops5micro26Register_DEPTHWISE_CONV_2DEv
                0x0000000000015c84        0x8 tensorflow/lite/experimental/micro/tools/make/gen/sparkfun_edge_cortex-m4/lib/libtensorflow-microlite.a(depthwise_conv.o)
                0x0000000000015c84                tflite::ops::micro::Register_DEPTHWISE_CONV_2D()
 .text.TfLiteTypeGetName
                0x0000000000015c8c       0x18 tensorflow/lite/experimental/micro/tools/make/gen/sparkfun_edge_cortex-m4/lib/libtensorflow-microlite.a(c_api_internal.o)
                0x0000000000015c8c                TfLiteTypeGetName
 .text._ZN6tflite13ErrorReporter6ReportEPKcz
                0x0000000000015ca4       0x20 tensorflow/lite/experimental/micro/tools/make/gen/sparkfun_edge_cortex-m4/lib/libtensorflow-microlite.a(error_reporter.o)
                0x0000000000015ca4                tflite::ErrorReporter::Report(char const*, ...)
 .text._ZN6tflite17ConvertTensorTypeENS_10TensorTypeEP10TfLiteTypePNS_13ErrorReporterE
                0x0000000000015cc4       0x6c tensorflow/lite/experimental/micro/tools/make/gen/sparkfun_edge_cortex-m4/lib/libtensorflow-microlite.a(flatbuffer_conversions.o)
                0x0000000000015cc4                tflite::ConvertTensorType(tflite::TensorType, TfLiteType*, tflite::ErrorReporter*)
 .text._ZN6tflite11ParseOpDataEPKNS_8OperatorENS_15BuiltinOperatorEPNS_13ErrorReporterEPNS_20BuiltinDataAllocatorEPPv
                0x0000000000015d30     0x1a60 tensorflow/lite/experimental/micro/tools/make/gen/sparkfun_edge_cortex-m4/lib/libtensorflow-microlite.a(flatbuffer_conversions.o)
                0x0000000000015d30                tflite::ParseOpData(tflite::Operator const*, tflite::BuiltinOperator, tflite::ErrorReporter*, tflite::BuiltinDataAllocator*, void**)
 .text._ZN6tflite25GetRegistrationFromOpCodeEPKNS_12OperatorCodeERKNS_10OpResolverEPNS_13ErrorReporterEPPK19_TfLiteRegistration
                0x0000000000017790       0xe0 tensorflow/lite/experimental/micro/tools/make/gen/sparkfun_edge_cortex-m4/lib/libtensorflow-microlite.a(op_resolver.o)
                0x0000000000017790                tflite::GetRegistrationFromOpCode(tflite::OperatorCode const*, tflite::OpResolver const&, tflite::ErrorReporter*, _TfLiteRegistration const**)
 .text._ZN6tflite32GetQuantizedConvolutionMultiplerEP13TfLiteContextPK12TfLiteTensorS4_S4_PS2_Pd
                0x0000000000017870       0xf8 tensorflow/lite/experimental/micro/tools/make/gen/sparkfun_edge_cortex-m4/lib/libtensorflow-microlite.a(kernel_util.o)
                0x0000000000017870                tflite::GetQuantizedConvolutionMultipler(TfLiteContext*, TfLiteTensor const*, TfLiteTensor const*, TfLiteTensor const*, TfLiteTensor*, double*)
 .text._ZN6tflite33CalculateActivationRangeQuantizedEP13TfLiteContext21TfLiteFusedActivationP12TfLiteTensorPlS5_
                0x0000000000017968      0x118 tensorflow/lite/experimental/micro/tools/make/gen/sparkfun_edge_cortex-m4/lib/libtensorflow-microlite.a(kernel_util.o)
                0x0000000000017968                tflite::CalculateActivationRangeQuantized(TfLiteContext*, TfLiteFusedActivation, TfLiteTensor*, long*, long*)
 .text._ZN6tflite29CalculateActivationRangeUint8E21TfLiteFusedActivationP12TfLiteTensorPlS3_
                0x0000000000017a80       0xb0 tensorflow/lite/experimental/micro/tools/make/gen/sparkfun_edge_cortex-m4/lib/libtensorflow-microlite.a(kernel_util.o)
                0x0000000000017a80                tflite::CalculateActivationRangeUint8(TfLiteFusedActivation, TfLiteTensor*, long*, long*)
 .text._ZN6tflite18QuantizeMultiplierEdPlPi
                0x0000000000017b30       0x88 tensorflow/lite/experimental/micro/tools/make/gen/sparkfun_edge_cortex-m4/lib/libtensorflow-microlite.a(quantization_util.o)
                0x0000000000017b30                tflite::QuantizeMultiplier(double, long*, int*)
 .text._ZN6tflite24PreprocessSoftmaxScalingEddiPlPi
                0x0000000000017bb8       0xe8 tensorflow/lite/experimental/micro/tools/make/gen/sparkfun_edge_cortex-m4/lib/libtensorflow-microlite.a(quantization_util.o)
                0x0000000000017bb8                tflite::PreprocessSoftmaxScaling(double, double, int, long*, int*)
 .text._ZN6tflite20CalculateInputRadiusEii
                0x0000000000017ca0       0x80 tensorflow/lite/experimental/micro/tools/make/gen/sparkfun_edge_cortex-m4/lib/libtensorflow-microlite.a(quantization_util.o)
                0x0000000000017ca0                tflite::CalculateInputRadius(int, int)
 .text.NMI_Handler
                0x0000000000017d20        0x4 tensorflow/lite/experimental/micro/tools/make/gen/sparkfun_edge_cortex-m4/lib/libtensorflow-microlite.a(startup_gcc.o)
                0x0000000000017d20                NMI_Handler
 .text.HardFault_Handler
                0x0000000000017d24        0x4 tensorflow/lite/experimental/micro/tools/make/gen/sparkfun_edge_cortex-m4/lib/libtensorflow-microlite.a(startup_gcc.o)
                0x0000000000017d24                HardFault_Handler
                0x0000000000017d24                UsageFault_Handler
                0x0000000000017d24                MemManage_Handler
                0x0000000000017d24                BusFault_Handler
 .text.am_default_isr
                0x0000000000017d28        0x4 tensorflow/lite/experimental/micro/tools/make/gen/sparkfun_edge_cortex-m4/lib/libtensorflow-microlite.a(startup_gcc.o)
                0x0000000000017d28                am_default_isr
                0x0000000000017d28                am_iomaster4_isr
                0x0000000000017d28                SysTick_Handler
                0x0000000000017d28                PendSV_Handler
                0x0000000000017d28                am_rtc_isr
                0x0000000000017d28                am_stimer_cmpr3_isr
                0x0000000000017d28                am_iomaster3_isr
                0x0000000000017d28                am_clkgen_isr
                0x0000000000017d28                am_stimer_isr
                0x0000000000017d28                am_software0_isr
                0x0000000000017d28                am_stimer_cmpr5_isr
                0x0000000000017d28                am_iomaster5_isr
                0x0000000000017d28                am_pdm0_isr
                0x0000000000017d28                am_uart_isr
                0x0000000000017d28                am_ctimer_isr
                0x0000000000017d28                am_ioslave_acc_isr
                0x0000000000017d28                am_mspi0_isr
                0x0000000000017d28                am_stimer_cmpr6_isr
                0x0000000000017d28                am_iomaster1_isr
                0x0000000000017d28                am_brownout_isr
                0x0000000000017d28                am_vcomp_isr
                0x0000000000017d28                am_stimer_cmpr1_isr
                0x0000000000017d28                am_gpio_isr
                0x0000000000017d28                am_iomaster2_isr
                0x0000000000017d28                SVC_Handler
                0x0000000000017d28                am_stimer_cmpr2_isr
                0x0000000000017d28                am_ioslave_ios_isr
                0x0000000000017d28                am_uart1_isr
                0x0000000000017d28                am_stimer_cmpr7_isr
                0x0000000000017d28                am_scard_isr
                0x0000000000017d28                am_watchdog_isr
                0x0000000000017d28                am_stimer_cmpr0_isr
                0x0000000000017d28                am_iomaster0_isr
                0x0000000000017d28                am_ble_isr
                0x0000000000017d28                am_stimer_cmpr4_isr
                0x0000000000017d28                DebugMon_Handler
 .text.Reset_Handler
                0x0000000000017d2c       0x68 tensorflow/lite/experimental/micro/tools/make/gen/sparkfun_edge_cortex-m4/lib/libtensorflow-microlite.a(startup_gcc.o)
                0x0000000000017d2c                Reset_Handler
 .text.DebugLogInt32
                0x0000000000017d94       0x64 tensorflow/lite/experimental/micro/tools/make/gen/sparkfun_edge_cortex-m4/lib/libtensorflow-microlite.a(debug_log_numbers.o)
                0x0000000000017d94                DebugLogInt32
 .text.DebugLog
                0x0000000000017df8       0x28 tensorflow/lite/experimental/micro/tools/make/gen/sparkfun_edge_cortex-m4/lib/libtensorflow-microlite.a(debug_log.o)
                0x0000000000017df8                DebugLog
 .text._ZNK6tflite22MicroMutableOpResolver6FindOpENS_15BuiltinOperatorEi
                0x0000000000017e20       0x38 tensorflow/lite/experimental/micro/tools/make/gen/sparkfun_edge_cortex-m4/lib/libtensorflow-microlite.a(micro_mutable_op_resolver.o)
                0x0000000000017e20                tflite::MicroMutableOpResolver::FindOp(tflite::BuiltinOperator, int) const
 .text._ZNK6tflite22MicroMutableOpResolver6FindOpEPKci
                0x0000000000017e58       0x5c tensorflow/lite/experimental/micro/tools/make/gen/sparkfun_edge_cortex-m4/lib/libtensorflow-microlite.a(micro_mutable_op_resolver.o)
                0x0000000000017e58                tflite::MicroMutableOpResolver::FindOp(char const*, int) const
 .text._ZN6tflite22MicroMutableOpResolver10AddBuiltinENS_15BuiltinOperatorEP19_TfLiteRegistrationii
                0x0000000000017eb4       0x68 tensorflow/lite/experimental/micro/tools/make/gen/sparkfun_edge_cortex-m4/lib/libtensorflow-microlite.a(micro_mutable_op_resolver.o)
                0x0000000000017eb4                tflite::MicroMutableOpResolver::AddBuiltin(tflite::BuiltinOperator, _TfLiteRegistration*, int, int)
 .text._ZN6tflite3ops5micro15fully_connected4InitEP13TfLiteContextPKcj
                0x0000000000017f1c        0x4 tensorflow/lite/experimental/micro/tools/make/gen/sparkfun_edge_cortex-m4/lib/libtensorflow-microlite.a(fully_connected.o)
                0x0000000000017f1c                tflite::ops::micro::fully_connected::Init(TfLiteContext*, char const*, unsigned int)
 .text._ZN6tflite3ops5micro15fully_connected4FreeEP13TfLiteContextPv
                0x0000000000017f20        0x4 tensorflow/lite/experimental/micro/tools/make/gen/sparkfun_edge_cortex-m4/lib/libtensorflow-microlite.a(fully_connected.o)
                0x0000000000017f20                tflite::ops::micro::fully_connected::Free(TfLiteContext*, void*)
 .text._ZN6tflite3ops5micro15fully_connected7PrepareEP13TfLiteContextP10TfLiteNode
                0x0000000000017f24        0x4 tensorflow/lite/experimental/micro/tools/make/gen/sparkfun_edge_cortex-m4/lib/libtensorflow-microlite.a(fully_connected.o)
                0x0000000000017f24                tflite::ops::micro::fully_connected::Prepare(TfLiteContext*, TfLiteNode*)
 .text._ZN6tflite3ops5micro15fully_connected4EvalEP13TfLiteContextP10TfLiteNode
                0x0000000000017f28      0x92c tensorflow/lite/experimental/micro/tools/make/gen/sparkfun_edge_cortex-m4/lib/libtensorflow-microlite.a(fully_connected.o)
                0x0000000000017f28                tflite::ops::micro::fully_connected::Eval(TfLiteContext*, TfLiteNode*)
 .text._ZN6tflite3ops5micro24Register_FULLY_CONNECTEDEv
                0x0000000000018854        0x8 tensorflow/lite/experimental/micro/tools/make/gen/sparkfun_edge_cortex-m4/lib/libtensorflow-microlite.a(fully_connected.o)
                0x0000000000018854                tflite::ops::micro::Register_FULLY_CONNECTED()
 .text.uint64_to_str
                0x000000000001885c      0x1a0 tensorflow/lite/experimental/micro/tools/make/gen/sparkfun_edge_cortex-m4/lib/libtensorflow-microlite.a(am_util_stdio.o)
 .text.am_util_stdio_printf_init
                0x00000000000189fc        0xc tensorflow/lite/experimental/micro/tools/make/gen/sparkfun_edge_cortex-m4/lib/libtensorflow-microlite.a(am_util_stdio.o)
                0x00000000000189fc                am_util_stdio_printf_init
 .text.am_util_stdio_vsprintf
                0x0000000000018a08      0xc10 tensorflow/lite/experimental/micro/tools/make/gen/sparkfun_edge_cortex-m4/lib/libtensorflow-microlite.a(am_util_stdio.o)
                0x0000000000018a08                am_util_stdio_vsprintf
 .text.am_util_stdio_printf
                0x0000000000019618       0x38 tensorflow/lite/experimental/micro/tools/make/gen/sparkfun_edge_cortex-m4/lib/libtensorflow-microlite.a(am_util_stdio.o)
                0x0000000000019618                am_util_stdio_printf
 .text.cos      0x0000000000019650       0xc0 /Users/heeyeolkang/Documents/workspace/tensorflow/tensorflow/lite/experimental/micro/tools/make/downloads/gcc_embedded/bin/../lib/gcc/arm-none-eabi/7.3.1/../../../../arm-none-eabi/lib/thumb/v7e-m/fpv4-sp/hard/libm.a(lib_a-s_cos.o)
                0x0000000000019650                cos
 .text.floor    0x0000000000019710      0x110 /Users/heeyeolkang/Documents/workspace/tensorflow/tensorflow/lite/experimental/micro/tools/make/downloads/gcc_embedded/bin/../lib/gcc/arm-none-eabi/7.3.1/../../../../arm-none-eabi/lib/thumb/v7e-m/fpv4-sp/hard/libm.a(lib_a-s_floor.o)
                0x0000000000019710                floor
 .text.frexp    0x0000000000019820       0x68 /Users/heeyeolkang/Documents/workspace/tensorflow/tensorflow/lite/experimental/micro/tools/make/downloads/gcc_embedded/bin/../lib/gcc/arm-none-eabi/7.3.1/../../../../arm-none-eabi/lib/thumb/v7e-m/fpv4-sp/hard/libm.a(lib_a-s_frexp.o)
                0x0000000000019820                frexp
 .text.round    0x0000000000019888       0xa4 /Users/heeyeolkang/Documents/workspace/tensorflow/tensorflow/lite/experimental/micro/tools/make/downloads/gcc_embedded/bin/../lib/gcc/arm-none-eabi/7.3.1/../../../../arm-none-eabi/lib/thumb/v7e-m/fpv4-sp/hard/libm.a(lib_a-s_round.o)
                0x0000000000019888                round
 *fill*         0x000000000001992c        0x4 
 .text.sin      0x0000000000019930       0xc0 /Users/heeyeolkang/Documents/workspace/tensorflow/tensorflow/lite/experimental/micro/tools/make/downloads/gcc_embedded/bin/../lib/gcc/arm-none-eabi/7.3.1/../../../../arm-none-eabi/lib/thumb/v7e-m/fpv4-sp/hard/libm.a(lib_a-s_sin.o)
                0x0000000000019930                sin
 .text.roundf   0x00000000000199f0       0x60 /Users/heeyeolkang/Documents/workspace/tensorflow/tensorflow/lite/experimental/micro/tools/make/downloads/gcc_embedded/bin/../lib/gcc/arm-none-eabi/7.3.1/../../../../arm-none-eabi/lib/thumb/v7e-m/fpv4-sp/hard/libm.a(lib_a-sf_round.o)
                0x00000000000199f0                roundf
 .text.exp      0x0000000000019a50      0x100 /Users/heeyeolkang/Documents/workspace/tensorflow/tensorflow/lite/experimental/micro/tools/make/downloads/gcc_embedded/bin/../lib/gcc/arm-none-eabi/7.3.1/../../../../arm-none-eabi/lib/thumb/v7e-m/fpv4-sp/hard/libm.a(lib_a-w_exp.o)
                0x0000000000019a50                exp
 .text.log      0x0000000000019b50      0x100 /Users/heeyeolkang/Documents/workspace/tensorflow/tensorflow/lite/experimental/micro/tools/make/downloads/gcc_embedded/bin/../lib/gcc/arm-none-eabi/7.3.1/../../../../arm-none-eabi/lib/thumb/v7e-m/fpv4-sp/hard/libm.a(lib_a-w_log.o)
                0x0000000000019b50                log
 .text.sqrt     0x0000000000019c50       0xb8 /Users/heeyeolkang/Documents/workspace/tensorflow/tensorflow/lite/experimental/micro/tools/make/downloads/gcc_embedded/bin/../lib/gcc/arm-none-eabi/7.3.1/../../../../arm-none-eabi/lib/thumb/v7e-m/fpv4-sp/hard/libm.a(lib_a-w_sqrt.o)
                0x0000000000019c50                sqrt
 .text.expf     0x0000000000019d08       0xfc /Users/heeyeolkang/Documents/workspace/tensorflow/tensorflow/lite/experimental/micro/tools/make/downloads/gcc_embedded/bin/../lib/gcc/arm-none-eabi/7.3.1/../../../../arm-none-eabi/lib/thumb/v7e-m/fpv4-sp/hard/libm.a(lib_a-wf_exp.o)
                0x0000000000019d08                expf
 .text.powf     0x0000000000019e04      0x324 /Users/heeyeolkang/Documents/workspace/tensorflow/tensorflow/lite/experimental/micro/tools/make/downloads/gcc_embedded/bin/../lib/gcc/arm-none-eabi/7.3.1/../../../../arm-none-eabi/lib/thumb/v7e-m/fpv4-sp/hard/libm.a(lib_a-wf_pow.o)
                0x0000000000019e04                powf
 .text.__ieee754_exp
                0x000000000001a128      0x32c /Users/heeyeolkang/Documents/workspace/tensorflow/tensorflow/lite/experimental/micro/tools/make/downloads/gcc_embedded/bin/../lib/gcc/arm-none-eabi/7.3.1/../../../../arm-none-eabi/lib/thumb/v7e-m/fpv4-sp/hard/libm.a(lib_a-e_exp.o)
                0x000000000001a128                __ieee754_exp
 *fill*         0x000000000001a454        0x4 
 .text.__ieee754_log
                0x000000000001a458      0x3b4 /Users/heeyeolkang/Documents/workspace/tensorflow/tensorflow/lite/experimental/micro/tools/make/downloads/gcc_embedded/bin/../lib/gcc/arm-none-eabi/7.3.1/../../../../arm-none-eabi/lib/thumb/v7e-m/fpv4-sp/hard/libm.a(lib_a-e_log.o)
                0x000000000001a458                __ieee754_log
 *fill*         0x000000000001a80c        0x4 
 .text.__ieee754_rem_pio2
                0x000000000001a810      0x454 /Users/heeyeolkang/Documents/workspace/tensorflow/tensorflow/lite/experimental/micro/tools/make/downloads/gcc_embedded/bin/../lib/gcc/arm-none-eabi/7.3.1/../../../../arm-none-eabi/lib/thumb/v7e-m/fpv4-sp/hard/libm.a(lib_a-e_rem_pio2.o)
                0x000000000001a810                __ieee754_rem_pio2
 .text.__ieee754_sqrt
                0x000000000001ac64      0x194 /Users/heeyeolkang/Documents/workspace/tensorflow/tensorflow/lite/experimental/micro/tools/make/downloads/gcc_embedded/bin/../lib/gcc/arm-none-eabi/7.3.1/../../../../arm-none-eabi/lib/thumb/v7e-m/fpv4-sp/hard/libm.a(lib_a-e_sqrt.o)
                0x000000000001ac64                __ieee754_sqrt
 .text.__ieee754_expf
                0x000000000001adf8      0x1b4 /Users/heeyeolkang/Documents/workspace/tensorflow/tensorflow/lite/experimental/micro/tools/make/downloads/gcc_embedded/bin/../lib/gcc/arm-none-eabi/7.3.1/../../../../arm-none-eabi/lib/thumb/v7e-m/fpv4-sp/hard/libm.a(lib_a-ef_exp.o)
                0x000000000001adf8                __ieee754_expf
 .text.__ieee754_powf
                0x000000000001afac      0x5e4 /Users/heeyeolkang/Documents/workspace/tensorflow/tensorflow/lite/experimental/micro/tools/make/downloads/gcc_embedded/bin/../lib/gcc/arm-none-eabi/7.3.1/../../../../arm-none-eabi/lib/thumb/v7e-m/fpv4-sp/hard/libm.a(lib_a-ef_pow.o)
                0x000000000001afac                __ieee754_powf
 .text.__ieee754_sqrtf
                0x000000000001b590        0x8 /Users/heeyeolkang/Documents/workspace/tensorflow/tensorflow/lite/experimental/micro/tools/make/downloads/gcc_embedded/bin/../lib/gcc/arm-none-eabi/7.3.1/../../../../arm-none-eabi/lib/thumb/v7e-m/fpv4-sp/hard/libm.a(lib_a-ef_sqrt.o)
                0x000000000001b590                __ieee754_sqrtf
 .text.__kernel_cos
                0x000000000001b598      0x284 /Users/heeyeolkang/Documents/workspace/tensorflow/tensorflow/lite/experimental/micro/tools/make/downloads/gcc_embedded/bin/../lib/gcc/arm-none-eabi/7.3.1/../../../../arm-none-eabi/lib/thumb/v7e-m/fpv4-sp/hard/libm.a(lib_a-k_cos.o)
                0x000000000001b598                __kernel_cos
 *fill*         0x000000000001b81c        0x4 
 .text.__kernel_rem_pio2
                0x000000000001b820      0x818 /Users/heeyeolkang/Documents/workspace/tensorflow/tensorflow/lite/experimental/micro/tools/make/downloads/gcc_embedded/bin/../lib/gcc/arm-none-eabi/7.3.1/../../../../arm-none-eabi/lib/thumb/v7e-m/fpv4-sp/hard/libm.a(lib_a-k_rem_pio2.o)
                0x000000000001b820                __kernel_rem_pio2
 .text.__kernel_sin
                0x000000000001c038      0x194 /Users/heeyeolkang/Documents/workspace/tensorflow/tensorflow/lite/experimental/micro/tools/make/downloads/gcc_embedded/bin/../lib/gcc/arm-none-eabi/7.3.1/../../../../arm-none-eabi/lib/thumb/v7e-m/fpv4-sp/hard/libm.a(lib_a-k_sin.o)
                0x000000000001c038                __kernel_sin
 .text.fabs     0x000000000001c1cc       0x14 /Users/heeyeolkang/Documents/workspace/tensorflow/tensorflow/lite/experimental/micro/tools/make/downloads/gcc_embedded/bin/../lib/gcc/arm-none-eabi/7.3.1/../../../../arm-none-eabi/lib/thumb/v7e-m/fpv4-sp/hard/libm.a(lib_a-s_fabs.o)
                0x000000000001c1cc                fabs
 .text.finite   0x000000000001c1e0       0x10 /Users/heeyeolkang/Documents/workspace/tensorflow/tensorflow/lite/experimental/micro/tools/make/downloads/gcc_embedded/bin/../lib/gcc/arm-none-eabi/7.3.1/../../../../arm-none-eabi/lib/thumb/v7e-m/fpv4-sp/hard/libm.a(lib_a-s_finite.o)
                0x000000000001c1e0                finite
 .text.matherr  0x000000000001c1f0        0x4 /Users/heeyeolkang/Documents/workspace/tensorflow/tensorflow/lite/experimental/micro/tools/make/downloads/gcc_embedded/bin/../lib/gcc/arm-none-eabi/7.3.1/../../../../arm-none-eabi/lib/thumb/v7e-m/fpv4-sp/hard/libm.a(lib_a-s_matherr.o)
                0x000000000001c1f0                matherr
 *fill*         0x000000000001c1f4        0x4 
 .text.nan      0x000000000001c1f8       0x10 /Users/heeyeolkang/Documents/workspace/tensorflow/tensorflow/lite/experimental/micro/tools/make/downloads/gcc_embedded/bin/../lib/gcc/arm-none-eabi/7.3.1/../../../../arm-none-eabi/lib/thumb/v7e-m/fpv4-sp/hard/libm.a(lib_a-s_nan.o)
                0x000000000001c1f8                nan
 .text.scalbn   0x000000000001c208      0x114 /Users/heeyeolkang/Documents/workspace/tensorflow/tensorflow/lite/experimental/micro/tools/make/downloads/gcc_embedded/bin/../lib/gcc/arm-none-eabi/7.3.1/../../../../arm-none-eabi/lib/thumb/v7e-m/fpv4-sp/hard/libm.a(lib_a-s_scalbn.o)
                0x000000000001c208                scalbn
 .text.fabsf    0x000000000001c31c       0x10 /Users/heeyeolkang/Documents/workspace/tensorflow/tensorflow/lite/experimental/micro/tools/make/downloads/gcc_embedded/bin/../lib/gcc/arm-none-eabi/7.3.1/../../../../arm-none-eabi/lib/thumb/v7e-m/fpv4-sp/hard/libm.a(lib_a-sf_fabs.o)
                0x000000000001c31c                fabsf
 .text.finitef  0x000000000001c32c       0x14 /Users/heeyeolkang/Documents/workspace/tensorflow/tensorflow/lite/experimental/micro/tools/make/downloads/gcc_embedded/bin/../lib/gcc/arm-none-eabi/7.3.1/../../../../arm-none-eabi/lib/thumb/v7e-m/fpv4-sp/hard/libm.a(lib_a-sf_finite.o)
                0x000000000001c32c                finitef
 .text.nanf     0x000000000001c340        0xc /Users/heeyeolkang/Documents/workspace/tensorflow/tensorflow/lite/experimental/micro/tools/make/downloads/gcc_embedded/bin/../lib/gcc/arm-none-eabi/7.3.1/../../../../arm-none-eabi/lib/thumb/v7e-m/fpv4-sp/hard/libm.a(lib_a-sf_nan.o)
                0x000000000001c340                nanf
 .text.rintf    0x000000000001c34c       0xc0 /Users/heeyeolkang/Documents/workspace/tensorflow/tensorflow/lite/experimental/micro/tools/make/downloads/gcc_embedded/bin/../lib/gcc/arm-none-eabi/7.3.1/../../../../arm-none-eabi/lib/thumb/v7e-m/fpv4-sp/hard/libm.a(lib_a-sf_rint.o)
                0x000000000001c34c                rintf
 .text.scalbnf  0x000000000001c40c       0xd0 /Users/heeyeolkang/Documents/workspace/tensorflow/tensorflow/lite/experimental/micro/tools/make/downloads/gcc_embedded/bin/../lib/gcc/arm-none-eabi/7.3.1/../../../../arm-none-eabi/lib/thumb/v7e-m/fpv4-sp/hard/libm.a(lib_a-sf_scalbn.o)
                0x000000000001c40c                scalbnf
 .text.copysign
                0x000000000001c4dc       0x1c /Users/heeyeolkang/Documents/workspace/tensorflow/tensorflow/lite/experimental/micro/tools/make/downloads/gcc_embedded/bin/../lib/gcc/arm-none-eabi/7.3.1/../../../../arm-none-eabi/lib/thumb/v7e-m/fpv4-sp/hard/libm.a(lib_a-s_copysign.o)
                0x000000000001c4dc                copysign
 .text.copysignf
                0x000000000001c4f8       0x18 /Users/heeyeolkang/Documents/workspace/tensorflow/tensorflow/lite/experimental/micro/tools/make/downloads/gcc_embedded/bin/../lib/gcc/arm-none-eabi/7.3.1/../../../../arm-none-eabi/lib/thumb/v7e-m/fpv4-sp/hard/libm.a(lib_a-sf_copysign.o)
                0x000000000001c4f8                copysignf
 .text.__errno  0x000000000001c510        0xc /Users/heeyeolkang/Documents/workspace/tensorflow/tensorflow/lite/experimental/micro/tools/make/downloads/gcc_embedded/bin/../lib/gcc/arm-none-eabi/7.3.1/../../../../arm-none-eabi/lib/thumb/v7e-m/fpv4-sp/hard/libc_nano.a(lib_a-errno.o)
                0x000000000001c510                __errno
 .text.memcpy   0x000000000001c51c       0x16 /Users/heeyeolkang/Documents/workspace/tensorflow/tensorflow/lite/experimental/micro/tools/make/downloads/gcc_embedded/bin/../lib/gcc/arm-none-eabi/7.3.1/../../../../arm-none-eabi/lib/thumb/v7e-m/fpv4-sp/hard/libc_nano.a(lib_a-memcpy-stub.o)
                0x000000000001c51c                memcpy
 .text.memmove  0x000000000001c532       0x32 /Users/heeyeolkang/Documents/workspace/tensorflow/tensorflow/lite/experimental/micro/tools/make/downloads/gcc_embedded/bin/../lib/gcc/arm-none-eabi/7.3.1/../../../../arm-none-eabi/lib/thumb/v7e-m/fpv4-sp/hard/libc_nano.a(lib_a-memmove.o)
                0x000000000001c532                memmove
 .text.memset   0x000000000001c564       0x10 /Users/heeyeolkang/Documents/workspace/tensorflow/tensorflow/lite/experimental/micro/tools/make/downloads/gcc_embedded/bin/../lib/gcc/arm-none-eabi/7.3.1/../../../../arm-none-eabi/lib/thumb/v7e-m/fpv4-sp/hard/libc_nano.a(lib_a-memset.o)
                0x000000000001c564                memset
 .text.__cxa_guard_acquire
                0x000000000001c574       0x18 /Users/heeyeolkang/Documents/workspace/tensorflow/tensorflow/lite/experimental/micro/tools/make/downloads/gcc_embedded/bin/../lib/gcc/arm-none-eabi/7.3.1/../../../../arm-none-eabi/lib/thumb/v7e-m/fpv4-sp/hard/libstdc++_nano.a(guard.o)
                0x000000000001c574                __cxa_guard_acquire
 .text.__cxa_guard_release
                0x000000000001c58c        0x6 /Users/heeyeolkang/Documents/workspace/tensorflow/tensorflow/lite/experimental/micro/tools/make/downloads/gcc_embedded/bin/../lib/gcc/arm-none-eabi/7.3.1/../../../../arm-none-eabi/lib/thumb/v7e-m/fpv4-sp/hard/libstdc++_nano.a(guard.o)
                0x000000000001c58c                __cxa_guard_release
 *fill*         0x000000000001c592        0x2 
 .text.am_bsp_uart_string_print
                0x000000000001c594       0x48 tensorflow/lite/experimental/micro/tools/make/downloads/AmbiqSuite-Rel2.0.0/boards/SparkFun_TensorFlow_Apollo3_BSP/bsp/gcc/bin/libam_bsp.a(am_bsp.o)
                0x000000000001c594                am_bsp_uart_string_print
 .text.am_bsp_uart_printf_enable
                0x000000000001c5dc       0x5c tensorflow/lite/experimental/micro/tools/make/downloads/AmbiqSuite-Rel2.0.0/boards/SparkFun_TensorFlow_Apollo3_BSP/bsp/gcc/bin/libam_bsp.a(am_bsp.o)
                0x000000000001c5dc                am_bsp_uart_printf_enable
 .text.am_hal_adc_initialize
                0x000000000001c638       0x44 tensorflow/lite/experimental/micro/tools/make/downloads/AmbiqSuite-Rel2.0.0/mcu/apollo3/hal/gcc/bin/libam_hal.a(am_hal_adc.o)
                0x000000000001c638                am_hal_adc_initialize
 .text.am_hal_adc_configure
                0x000000000001c67c       0x70 tensorflow/lite/experimental/micro/tools/make/downloads/AmbiqSuite-Rel2.0.0/mcu/apollo3/hal/gcc/bin/libam_hal.a(am_hal_adc.o)
                0x000000000001c67c                am_hal_adc_configure
 .text.am_hal_adc_configure_slot
                0x000000000001c6ec       0x6c tensorflow/lite/experimental/micro/tools/make/downloads/AmbiqSuite-Rel2.0.0/mcu/apollo3/hal/gcc/bin/libam_hal.a(am_hal_adc.o)
                0x000000000001c6ec                am_hal_adc_configure_slot
 .text.am_hal_adc_configure_dma
                0x000000000001c758       0x70 tensorflow/lite/experimental/micro/tools/make/downloads/AmbiqSuite-Rel2.0.0/mcu/apollo3/hal/gcc/bin/libam_hal.a(am_hal_adc.o)
                0x000000000001c758                am_hal_adc_configure_dma
 .text.am_hal_adc_enable
                0x000000000001c7c8       0x40 tensorflow/lite/experimental/micro/tools/make/downloads/AmbiqSuite-Rel2.0.0/mcu/apollo3/hal/gcc/bin/libam_hal.a(am_hal_adc.o)
                0x000000000001c7c8                am_hal_adc_enable
 .text.am_hal_adc_interrupt_enable
                0x000000000001c808       0x2c tensorflow/lite/experimental/micro/tools/make/downloads/AmbiqSuite-Rel2.0.0/mcu/apollo3/hal/gcc/bin/libam_hal.a(am_hal_adc.o)
                0x000000000001c808                am_hal_adc_interrupt_enable
 .text.am_hal_adc_interrupt_status
                0x000000000001c834       0x3c tensorflow/lite/experimental/micro/tools/make/downloads/AmbiqSuite-Rel2.0.0/mcu/apollo3/hal/gcc/bin/libam_hal.a(am_hal_adc.o)
                0x000000000001c834                am_hal_adc_interrupt_status
 .text.am_hal_adc_interrupt_clear
                0x000000000001c870       0x24 tensorflow/lite/experimental/micro/tools/make/downloads/AmbiqSuite-Rel2.0.0/mcu/apollo3/hal/gcc/bin/libam_hal.a(am_hal_adc.o)
                0x000000000001c870                am_hal_adc_interrupt_clear
 .text.am_hal_adc_sw_trigger
                0x000000000001c894       0x24 tensorflow/lite/experimental/micro/tools/make/downloads/AmbiqSuite-Rel2.0.0/mcu/apollo3/hal/gcc/bin/libam_hal.a(am_hal_adc.o)
                0x000000000001c894                am_hal_adc_sw_trigger
 .text.am_hal_adc_power_control
                0x000000000001c8b8       0xc8 tensorflow/lite/experimental/micro/tools/make/downloads/AmbiqSuite-Rel2.0.0/mcu/apollo3/hal/gcc/bin/libam_hal.a(am_hal_adc.o)
                0x000000000001c8b8                am_hal_adc_power_control
 .text.am_hal_burst_mode_initialize
                0x000000000001c980       0x90 tensorflow/lite/experimental/micro/tools/make/downloads/AmbiqSuite-Rel2.0.0/mcu/apollo3/hal/gcc/bin/libam_hal.a(am_hal_burst.o)
                0x000000000001c980                am_hal_burst_mode_initialize
 .text.am_hal_burst_mode_enable
                0x000000000001ca10       0x5c tensorflow/lite/experimental/micro/tools/make/downloads/AmbiqSuite-Rel2.0.0/mcu/apollo3/hal/gcc/bin/libam_hal.a(am_hal_burst.o)
                0x000000000001ca10                am_hal_burst_mode_enable
 .text.am_hal_cachectrl_config
                0x000000000001ca6c       0x54 tensorflow/lite/experimental/micro/tools/make/downloads/AmbiqSuite-Rel2.0.0/mcu/apollo3/hal/gcc/bin/libam_hal.a(am_hal_cachectrl.o)
                0x000000000001ca6c                am_hal_cachectrl_config
 .text.am_hal_cachectrl_enable
                0x000000000001cac0       0x14 tensorflow/lite/experimental/micro/tools/make/downloads/AmbiqSuite-Rel2.0.0/mcu/apollo3/hal/gcc/bin/libam_hal.a(am_hal_cachectrl.o)
                0x000000000001cac0                am_hal_cachectrl_enable
 .text.am_hal_clkgen_control
                0x000000000001cad4       0xd8 tensorflow/lite/experimental/micro/tools/make/downloads/AmbiqSuite-Rel2.0.0/mcu/apollo3/hal/gcc/bin/libam_hal.a(am_hal_clkgen.o)
                0x000000000001cad4                am_hal_clkgen_control
 .text.am_hal_ctimer_config_single
                0x000000000001cbac       0x80 tensorflow/lite/experimental/micro/tools/make/downloads/AmbiqSuite-Rel2.0.0/mcu/apollo3/hal/gcc/bin/libam_hal.a(am_hal_ctimer.o)
                0x000000000001cbac                am_hal_ctimer_config_single
 .text.am_hal_ctimer_start
                0x000000000001cc2c       0x54 tensorflow/lite/experimental/micro/tools/make/downloads/AmbiqSuite-Rel2.0.0/mcu/apollo3/hal/gcc/bin/libam_hal.a(am_hal_ctimer.o)
                0x000000000001cc2c                am_hal_ctimer_start
 .text.am_hal_ctimer_period_set
                0x000000000001cc80       0xac tensorflow/lite/experimental/micro/tools/make/downloads/AmbiqSuite-Rel2.0.0/mcu/apollo3/hal/gcc/bin/libam_hal.a(am_hal_ctimer.o)
                0x000000000001cc80                am_hal_ctimer_period_set
 .text.am_hal_ctimer_adc_trigger_enable
                0x000000000001cd2c       0x24 tensorflow/lite/experimental/micro/tools/make/downloads/AmbiqSuite-Rel2.0.0/mcu/apollo3/hal/gcc/bin/libam_hal.a(am_hal_ctimer.o)
                0x000000000001cd2c                am_hal_ctimer_adc_trigger_enable
 .text.am_hal_ctimer_int_enable
                0x000000000001cd50       0x28 tensorflow/lite/experimental/micro/tools/make/downloads/AmbiqSuite-Rel2.0.0/mcu/apollo3/hal/gcc/bin/libam_hal.a(am_hal_ctimer.o)
                0x000000000001cd50                am_hal_ctimer_int_enable
 .text.am_hal_flash_delay
                0x000000000001cd78        0x8 tensorflow/lite/experimental/micro/tools/make/downloads/AmbiqSuite-Rel2.0.0/mcu/apollo3/hal/gcc/bin/libam_hal.a(am_hal_flash.o)
                0x000000000001cd78                am_hal_flash_delay
 .text.am_hal_flash_delay_status_check
                0x000000000001cd80       0x58 tensorflow/lite/experimental/micro/tools/make/downloads/AmbiqSuite-Rel2.0.0/mcu/apollo3/hal/gcc/bin/libam_hal.a(am_hal_flash.o)
                0x000000000001cd80                am_hal_flash_delay_status_check
 .text.am_hal_gpio_pinconfig
                0x000000000001cdd8      0x280 tensorflow/lite/experimental/micro/tools/make/downloads/AmbiqSuite-Rel2.0.0/mcu/apollo3/hal/gcc/bin/libam_hal.a(am_hal_gpio.o)
                0x000000000001cdd8                am_hal_gpio_pinconfig
 .text.am_hal_interrupt_master_enable
                0x000000000001d058        0x8 tensorflow/lite/experimental/micro/tools/make/downloads/AmbiqSuite-Rel2.0.0/mcu/apollo3/hal/gcc/bin/libam_hal.a(am_hal_interrupt.o)
                0x000000000001d058                am_hal_interrupt_master_enable
 .text.am_hal_interrupt_master_disable
                0x000000000001d060        0x8 tensorflow/lite/experimental/micro/tools/make/downloads/AmbiqSuite-Rel2.0.0/mcu/apollo3/hal/gcc/bin/libam_hal.a(am_hal_interrupt.o)
                0x000000000001d060                am_hal_interrupt_master_disable
 .text.am_hal_interrupt_master_set
                0x000000000001d068        0x8 tensorflow/lite/experimental/micro/tools/make/downloads/AmbiqSuite-Rel2.0.0/mcu/apollo3/hal/gcc/bin/libam_hal.a(am_hal_interrupt.o)
                0x000000000001d068                am_hal_interrupt_master_set
 .text.am_hal_pwrctrl_periph_enable
                0x000000000001d070       0x54 tensorflow/lite/experimental/micro/tools/make/downloads/AmbiqSuite-Rel2.0.0/mcu/apollo3/hal/gcc/bin/libam_hal.a(am_hal_pwrctrl.o)
                0x000000000001d070                am_hal_pwrctrl_periph_enable
 .text.am_hal_pwrctrl_periph_disable
                0x000000000001d0c4       0x58 tensorflow/lite/experimental/micro/tools/make/downloads/AmbiqSuite-Rel2.0.0/mcu/apollo3/hal/gcc/bin/libam_hal.a(am_hal_pwrctrl.o)
                0x000000000001d0c4                am_hal_pwrctrl_periph_disable
 .text.am_hal_uart_initialize
                0x000000000001d11c       0x50 tensorflow/lite/experimental/micro/tools/make/downloads/AmbiqSuite-Rel2.0.0/mcu/apollo3/hal/gcc/bin/libam_hal.a(am_hal_uart.o)
                0x000000000001d11c                am_hal_uart_initialize
 .text.am_hal_uart_power_control
                0x000000000001d16c       0xe4 tensorflow/lite/experimental/micro/tools/make/downloads/AmbiqSuite-Rel2.0.0/mcu/apollo3/hal/gcc/bin/libam_hal.a(am_hal_uart.o)
                0x000000000001d16c                am_hal_uart_power_control
 .text.am_hal_uart_configure
                0x000000000001d250      0x218 tensorflow/lite/experimental/micro/tools/make/downloads/AmbiqSuite-Rel2.0.0/mcu/apollo3/hal/gcc/bin/libam_hal.a(am_hal_uart.o)
                0x000000000001d250                am_hal_uart_configure
 .text.am_hal_uart_transfer
                0x000000000001d468      0x474 tensorflow/lite/experimental/micro/tools/make/downloads/AmbiqSuite-Rel2.0.0/mcu/apollo3/hal/gcc/bin/libam_hal.a(am_hal_uart.o)
                0x000000000001d468                am_hal_uart_transfer
 .text.am_hal_queue_init
                0x000000000001d8dc       0x18 tensorflow/lite/experimental/micro/tools/make/downloads/AmbiqSuite-Rel2.0.0/mcu/apollo3/hal/gcc/bin/libam_hal.a(am_hal_queue.o)
                0x000000000001d8dc                am_hal_queue_init
 .text.am_hal_queue_item_add
                0x000000000001d8f4       0x70 tensorflow/lite/experimental/micro/tools/make/downloads/AmbiqSuite-Rel2.0.0/mcu/apollo3/hal/gcc/bin/libam_hal.a(am_hal_queue.o)
                0x000000000001d8f4                am_hal_queue_item_add
 .text.am_hal_queue_item_get
                0x000000000001d964       0x70 tensorflow/lite/experimental/micro/tools/make/downloads/AmbiqSuite-Rel2.0.0/mcu/apollo3/hal/gcc/bin/libam_hal.a(am_hal_queue.o)
                0x000000000001d964                am_hal_queue_item_get
                0x000000000001d9d4                _init_array_start = .
 *(SORT_BY_NAME(.init_array*))
 .init_array    0x000000000001d9d4        0x4 tensorflow/lite/experimental/micro/tools/make/downloads/gcc_embedded//lib/gcc/arm-none-eabi/7.3.1/thumb/v7e-m/fpv4-sp/hard/crtbegin.o
                0x000000000001d9d8                _init_array_end = .
 *(.rodata)
 *(.rodata*)
 .rodata.main.str1.4
                0x000000000001d9d8       0xcd tensorflow/lite/experimental/micro/tools/make/gen/sparkfun_edge_cortex-m4/obj/tensorflow/lite/experimental/micro/examples/micro_speech/main.o
 *fill*         0x000000000001daa5        0x3 
 .rodata._Z18InitAudioRecordingPN6tflite13ErrorReporterE.str1.4
                0x000000000001daa8      0x268 tensorflow/lite/experimental/micro/tools/make/gen/sparkfun_edge_cortex-m4/obj/tensorflow/lite/experimental/micro/examples/micro_speech/sparkfun_edge/audio_provider.o
 .rodata.am_adc_isr.str1.4
                0x000000000001dd10       0x74 tensorflow/lite/experimental/micro/tools/make/gen/sparkfun_edge_cortex-m4/obj/tensorflow/lite/experimental/micro/examples/micro_speech/sparkfun_edge/audio_provider.o
 .rodata._ZN15FeatureProvider19PopulateFeatureDataEPN6tflite13ErrorReporterEllPi.str1.4
                0x000000000001dd84       0x5a tensorflow/lite/experimental/micro/tools/make/gen/sparkfun_edge_cortex-m4/obj/tensorflow/lite/experimental/micro/examples/micro_speech/feature_provider.o
 *fill*         0x000000000001ddde        0x2 
 .rodata.g_tiny_conv_micro_features_model_data
                0x000000000001dde0     0x4720 tensorflow/lite/experimental/micro/tools/make/gen/sparkfun_edge_cortex-m4/obj/tensorflow/lite/experimental/micro/examples/micro_speech/micro_features/tiny_conv_micro_features_model_data.o
                0x000000000001dde0                g_tiny_conv_micro_features_model_data
 .rodata._ZN17RecognizeCommands20ProcessLatestResultsEPK12TfLiteTensorlPPKcPhPb.str1.4
                0x0000000000022500      0x181 tensorflow/lite/experimental/micro/tools/make/gen/sparkfun_edge_cortex-m4/obj/tensorflow/lite/experimental/micro/examples/micro_speech/recognize_commands.o
 *fill*         0x0000000000022681        0x3 
 .rodata._ZN17RecognizeCommandsC2EPN6tflite13ErrorReporterElhll.str1.4
                0x0000000000022684        0x8 tensorflow/lite/experimental/micro/tools/make/gen/sparkfun_edge_cortex-m4/obj/tensorflow/lite/experimental/micro/examples/micro_speech/recognize_commands.o
 .rodata._Z16RespondToCommandPN6tflite13ErrorReporterElPKchb.str1.4
                0x000000000002268c       0x14 tensorflow/lite/experimental/micro/tools/make/gen/sparkfun_edge_cortex-m4/obj/tensorflow/lite/experimental/micro/examples/micro_speech/sparkfun_edge/command_responder.o
 .rodata._Z23InitializeMicroFeaturesPN6tflite13ErrorReporterE.str1.4
                0x00000000000226a0       0x1f tensorflow/lite/experimental/micro/tools/make/gen/sparkfun_edge_cortex-m4/obj/tensorflow/lite/experimental/micro/examples/micro_speech/micro_features/micro_features_generator.o
 *fill*         0x00000000000226bf        0x1 
 .rodata.str1.4
                0x00000000000226c0        0xf tensorflow/lite/experimental/micro/tools/make/gen/sparkfun_edge_cortex-m4/obj/tensorflow/lite/experimental/micro/examples/micro_speech/micro_features/micro_model_settings.o
                                         0x17 (size before relaxing)
 *fill*         0x00000000000226cf        0x1 
 .rodata._Z16FftPopulateStatePN6tflite13ErrorReporterEP8FftStatej.str1.4
                0x00000000000226d0      0x143 tensorflow/lite/experimental/micro/tools/make/gen/sparkfun_edge_cortex-m4/obj/tensorflow/lite/experimental/micro/examples/micro_speech/micro_features/fft_util.o
 *fill*         0x0000000000022813        0x1 
 .rodata._Z23FilterbankPopulateStatePN6tflite13ErrorReporterEPK16FilterbankConfigP15FilterbankStateii.str1.4
                0x0000000000022814      0x181 tensorflow/lite/experimental/micro/tools/make/gen/sparkfun_edge_cortex-m4/obj/tensorflow/lite/experimental/micro/examples/micro_speech/micro_features/filterbank_util.o
 *fill*         0x0000000000022995        0x3 
 .rodata._Z21FrontendPopulateStatePN6tflite13ErrorReporterEPK14FrontendConfigP13FrontendStatei.str1.4
                0x0000000000022998       0xdf tensorflow/lite/experimental/micro/tools/make/gen/sparkfun_edge_cortex-m4/obj/tensorflow/lite/experimental/micro/examples/micro_speech/micro_features/frontend_util.o
 *fill*         0x0000000000022a77        0x1 
 .rodata.kLogLut
                0x0000000000022a78      0x104 tensorflow/lite/experimental/micro/tools/make/gen/sparkfun_edge_cortex-m4/obj/tensorflow/lite/experimental/micro/examples/micro_speech/micro_features/log_lut.o
                0x0000000000022a78                kLogLut
 .rodata._Z27NoiseReductionPopulateStatePN6tflite13ErrorReporterEPK20NoiseReductionConfigP19NoiseReductionStatei.str1.4
                0x0000000000022b7c       0x9c tensorflow/lite/experimental/micro/tools/make/gen/sparkfun_edge_cortex-m4/obj/tensorflow/lite/experimental/micro/examples/micro_speech/micro_features/noise_reduction_util.o
 .rodata._Z19WindowPopulateStatePN6tflite13ErrorReporterEPK12WindowConfigP11WindowStatei.str1.4
                0x0000000000022c18       0x97 tensorflow/lite/experimental/micro/tools/make/gen/sparkfun_edge_cortex-m4/obj/tensorflow/lite/experimental/micro/examples/micro_speech/micro_features/window_util.o
 *fill*         0x0000000000022caf        0x1 
 .rodata._ZZN6tflite24EnumNamesBuiltinOperatorEvE5names
                0x0000000000022cb0      0x1d8 tensorflow/lite/experimental/micro/tools/make/gen/sparkfun_edge_cortex-m4/lib/libtensorflow-microlite.a(micro_interpreter.o)
                0x0000000000022cb0                tflite::EnumNamesBuiltinOperator()::names
 .rodata._ZN6tflite16MicroInterpreter5inputEi.str1.4
                0x0000000000022e88       0x2b tensorflow/lite/experimental/micro/tools/make/gen/sparkfun_edge_cortex-m4/lib/libtensorflow-microlite.a(micro_interpreter.o)
 *fill*         0x0000000000022eb3        0x1 
 .rodata._ZN6tflite16MicroInterpreter6InvokeEv.str1.4
                0x0000000000022eb4      0x14c tensorflow/lite/experimental/micro/tools/make/gen/sparkfun_edge_cortex-m4/lib/libtensorflow-microlite.a(micro_interpreter.o)
 .rodata._ZN6tflite16MicroInterpreter6outputEi.str1.4
                0x0000000000023000       0x2c tensorflow/lite/experimental/micro/tools/make/gen/sparkfun_edge_cortex-m4/lib/libtensorflow-microlite.a(micro_interpreter.o)
 .rodata._ZN6tflite16MicroInterpreterC2EPKNS_5ModelERKNS_10OpResolverEPNS_21SimpleTensorAllocatorEPNS_13ErrorReporterE.str1.4
                0x000000000002302c       0x29 tensorflow/lite/experimental/micro/tools/make/gen/sparkfun_edge_cortex-m4/lib/libtensorflow-microlite.a(micro_interpreter.o)
 *fill*         0x0000000000023055        0x3 
 .rodata._ZTVN6tflite12_GLOBAL__N_118StackDataAllocatorE
                0x0000000000023058       0x18 tensorflow/lite/experimental/micro/tools/make/gen/sparkfun_edge_cortex-m4/lib/libtensorflow-microlite.a(micro_interpreter.o)
 .rodata.str1.4
                0x0000000000023070      0x51b tensorflow/lite/experimental/micro/tools/make/gen/sparkfun_edge_cortex-m4/lib/libtensorflow-microlite.a(micro_interpreter.o)
                                        0x543 (size before relaxing)
 *fill*         0x000000000002358b        0x1 
 .rodata._ZN6tflite21SimpleTensorAllocator14AllocateTensorERKNS_6TensorEiiPKN11flatbuffers6VectorINS4_6OffsetINS_6BufferEEEEEPNS_13ErrorReporterEP12TfLiteTensor.str1.4
                0x000000000002358c       0xb9 tensorflow/lite/experimental/micro/tools/make/gen/sparkfun_edge_cortex-m4/lib/libtensorflow-microlite.a(simple_tensor_allocator.o)
 .rodata._ZN6tflite18MicroErrorReporter6ReportEPKcSt9__va_list.str1.4
                0x0000000000023645       0xb9 tensorflow/lite/experimental/micro/tools/make/gen/sparkfun_edge_cortex-m4/lib/libtensorflow-microlite.a(micro_error_reporter.o)
                                          0x2 (size before relaxing)
 *fill*         0x0000000000023645        0x3 
 .rodata._ZTVN6tflite18MicroErrorReporterE
                0x0000000000023648       0x14 tensorflow/lite/experimental/micro/tools/make/gen/sparkfun_edge_cortex-m4/lib/libtensorflow-microlite.a(micro_error_reporter.o)
                0x0000000000023648                vtable for tflite::MicroErrorReporter
 .rodata._ZTVN6tflite3ops5micro14AllOpsResolverE
                0x000000000002365c       0x18 tensorflow/lite/experimental/micro/tools/make/gen/sparkfun_edge_cortex-m4/lib/libtensorflow-microlite.a(all_ops_resolver.o)
                0x000000000002365c                vtable for tflite::ops::micro::AllOpsResolver
 .rodata._Z12InfiniteLoopv.str1.4
                0x0000000000023674        0x8 tensorflow/lite/experimental/micro/tools/make/gen/sparkfun_edge_cortex-m4/lib/libtensorflow-microlite.a(pooling.o)
 .rodata._ZN6tflite3ops5micro7pooling11AverageEvalEP13TfLiteContextP10TfLiteNode.str1.4
                0x000000000002367c       0x29 tensorflow/lite/experimental/micro/tools/make/gen/sparkfun_edge_cortex-m4/lib/libtensorflow-microlite.a(pooling.o)
 *fill*         0x00000000000236a5        0x3 
 .rodata._ZN6tflite3ops5micro7pooling7MaxEvalEP13TfLiteContextP10TfLiteNode.str1.4
                0x00000000000236a8       0x21 tensorflow/lite/experimental/micro/tools/make/gen/sparkfun_edge_cortex-m4/lib/libtensorflow-microlite.a(pooling.o)
 *fill*         0x00000000000236c9        0x3 
 .rodata._ZN6tflite3ops5micro11activations11SoftmaxEvalEP13TfLiteContextP10TfLiteNode.str1.4
                0x00000000000236cc      0x15a tensorflow/lite/experimental/micro/tools/make/gen/sparkfun_edge_cortex-m4/lib/libtensorflow-microlite.a(softmax.o)
 *fill*         0x0000000000023826        0x2 
 .rodata._ZN6tflite3ops5micro4conv4EvalEP13TfLiteContextP10TfLiteNode.str1.4
                0x0000000000023828       0x21 tensorflow/lite/experimental/micro/tools/make/gen/sparkfun_edge_cortex-m4/lib/libtensorflow-microlite.a(conv.o)
 *fill*         0x0000000000023849        0x3 
 .rodata._ZN6tflite3ops5micro14depthwise_conv4EvalEP13TfLiteContextP10TfLiteNode.str1.4
                0x000000000002384c       0xd8 tensorflow/lite/experimental/micro/tools/make/gen/sparkfun_edge_cortex-m4/lib/libtensorflow-microlite.a(depthwise_conv.o)
                                         0xf9 (size before relaxing)
 .rodata.CSWTCH.6
                0x0000000000023924       0x2c tensorflow/lite/experimental/micro/tools/make/gen/sparkfun_edge_cortex-m4/lib/libtensorflow-microlite.a(c_api_internal.o)
 .rodata.TfLiteTypeGetName.str1.4
                0x0000000000023950        0xd tensorflow/lite/experimental/micro/tools/make/gen/sparkfun_edge_cortex-m4/lib/libtensorflow-microlite.a(c_api_internal.o)
 *fill*         0x000000000002395d        0x3 
 .rodata.str1.4
                0x0000000000023960       0x5c tensorflow/lite/experimental/micro/tools/make/gen/sparkfun_edge_cortex-m4/lib/libtensorflow-microlite.a(c_api_internal.o)
 .rodata.CSWTCH.204
                0x00000000000239bc        0x5 tensorflow/lite/experimental/micro/tools/make/gen/sparkfun_edge_cortex-m4/lib/libtensorflow-microlite.a(flatbuffer_conversions.o)
 *fill*         0x00000000000239c1        0x3 
 .rodata._ZN6tflite11ParseOpDataEPKNS_8OperatorENS_15BuiltinOperatorEPNS_13ErrorReporterEPNS_20BuiltinDataAllocatorEPPv.str1.4
                0x00000000000239c4       0xf6 tensorflow/lite/experimental/micro/tools/make/gen/sparkfun_edge_cortex-m4/lib/libtensorflow-microlite.a(flatbuffer_conversions.o)
 *fill*         0x0000000000023aba        0x2 
 .rodata._ZN6tflite17ConvertTensorTypeENS_10TensorTypeEP10TfLiteTypePNS_13ErrorReporterE.str1.4
                0x0000000000023abc       0x24 tensorflow/lite/experimental/micro/tools/make/gen/sparkfun_edge_cortex-m4/lib/libtensorflow-microlite.a(flatbuffer_conversions.o)
 .rodata._ZN6tflite25GetRegistrationFromOpCodeEPKNS_12OperatorCodeERKNS_10OpResolverEPNS_13ErrorReporterEPPK19_TfLiteRegistration.str1.4
                0x0000000000023ae0       0xf9 tensorflow/lite/experimental/micro/tools/make/gen/sparkfun_edge_cortex-m4/lib/libtensorflow-microlite.a(op_resolver.o)
 *fill*         0x0000000000023bd9        0x3 
 .rodata._ZN6tflite32GetQuantizedConvolutionMultiplerEP13TfLiteContextPK12TfLiteTensorS4_S4_PS2_Pd.str1.4
                0x0000000000023bdc       0xa1 tensorflow/lite/experimental/micro/tools/make/gen/sparkfun_edge_cortex-m4/lib/libtensorflow-microlite.a(kernel_util.o)
                                         0xb9 (size before relaxing)
 *fill*         0x0000000000023c7d        0x3 
 .rodata._ZN6tflite33CalculateActivationRangeQuantizedEP13TfLiteContext21TfLiteFusedActivationP12TfLiteTensorPlS5_.str1.4
                0x0000000000023c80        0x6 tensorflow/lite/experimental/micro/tools/make/gen/sparkfun_edge_cortex-m4/lib/libtensorflow-microlite.a(kernel_util.o)
 *fill*         0x0000000000023c86        0x2 
 .rodata.DebugLog.str1.4
                0x0000000000023c88        0x3 tensorflow/lite/experimental/micro/tools/make/gen/sparkfun_edge_cortex-m4/lib/libtensorflow-microlite.a(debug_log.o)
 *fill*         0x0000000000023c8b        0x1 
 .rodata._ZN6tflite3ops5micro15fully_connected4EvalEP13TfLiteContextP10TfLiteNode.str1.4
                0x0000000000023c8c       0x41 tensorflow/lite/experimental/micro/tools/make/gen/sparkfun_edge_cortex-m4/lib/libtensorflow-microlite.a(fully_connected.o)
                                         0x65 (size before relaxing)
 *fill*         0x0000000000023ccd        0x3 
 .rodata.exp.str1.4